Archive member included to satisfy reference by file (symbol)

C:\Users\nicho\SimplicityStudio\v4_workspace\project-d\protocol\bluetooth\lib\EFR32BG1B\GCC\libbluetooth.a(bgapi.c.obj)
                              ./main.o (gecko_cmd_msg_buf)
C:\Users\nicho\SimplicityStudio\v4_workspace\project-d\protocol\bluetooth\lib\EFR32BG1B\GCC\libbluetooth.a(bgapi_gap.c.obj)
                              ./main.o (sli_bt_cmd_le_gap_set_advertise_timing)
C:\Users\nicho\SimplicityStudio\v4_workspace\project-d\protocol\bluetooth\lib\EFR32BG1B\GCC\libbluetooth.a(bgapi_gatt.c.obj)
                              C:\Users\nicho\SimplicityStudio\v4_workspace\project-d\protocol\bluetooth\lib\EFR32BG1B\GCC\libbluetooth.a(bgapi.c.obj) (bgapi_gatt_listener)
C:\Users\nicho\SimplicityStudio\v4_workspace\project-d\protocol\bluetooth\lib\EFR32BG1B\GCC\libbluetooth.a(bgapi_gatt_lib.c.obj)
                              ./main.o (sli_bt_cmd_gatt_server_send_user_write_response)
C:\Users\nicho\SimplicityStudio\v4_workspace\project-d\protocol\bluetooth\lib\EFR32BG1B\GCC\libbluetooth.a(bgapi_le_connection.c.obj)
                              ./main.o (sli_bt_cmd_le_connection_close)
C:\Users\nicho\SimplicityStudio\v4_workspace\project-d\protocol\bluetooth\lib\EFR32BG1B\GCC\libbluetooth.a(bgapi_system.c.obj)
                              ./main.o (sli_bt_cmd_system_reset)
C:\Users\nicho\SimplicityStudio\v4_workspace\project-d\protocol\bluetooth\lib\EFR32BG1B\GCC\libbluetooth.a(bgbuf.c.obj)
                              C:\Users\nicho\SimplicityStudio\v4_workspace\project-d\protocol\bluetooth\lib\EFR32BG1B\GCC\libbluetooth.a(bgapi.c.obj) (bgbuf_chain_free)
C:\Users\nicho\SimplicityStudio\v4_workspace\project-d\protocol\bluetooth\lib\EFR32BG1B\GCC\libbluetooth.a(bglib.c.obj)
                              ./main.o (gecko_stack_init)
C:\Users\nicho\SimplicityStudio\v4_workspace\project-d\protocol\bluetooth\lib\EFR32BG1B\GCC\libbluetooth.a(btl_interface.c.obj)
                              C:\Users\nicho\SimplicityStudio\v4_workspace\project-d\protocol\bluetooth\lib\EFR32BG1B\GCC\libbluetooth.a(bgapi.c.obj) (bootloader_getInfo)
C:\Users\nicho\SimplicityStudio\v4_workspace\project-d\protocol\bluetooth\lib\EFR32BG1B\GCC\libbluetooth.a(efr32xg1x.c.obj)
                              C:\Users\nicho\SimplicityStudio\v4_workspace\project-d\protocol\bluetooth\lib\EFR32BG1B\GCC\libbluetooth.a(bglib.c.obj) (bg_hal_get_current_ctune)
C:\Users\nicho\SimplicityStudio\v4_workspace\project-d\protocol\bluetooth\lib\EFR32BG1B\GCC\libbluetooth.a(gap.c.obj)
                              C:\Users\nicho\SimplicityStudio\v4_workspace\project-d\protocol\bluetooth\lib\EFR32BG1B\GCC\libbluetooth.a(bglib.c.obj) (gap_reset_state)
C:\Users\nicho\SimplicityStudio\v4_workspace\project-d\protocol\bluetooth\lib\EFR32BG1B\GCC\libbluetooth.a(gap_adv.c.obj)
                              C:\Users\nicho\SimplicityStudio\v4_workspace\project-d\protocol\bluetooth\lib\EFR32BG1B\GCC\libbluetooth.a(gap.c.obj) (gap_set_advertising_timeout)
C:\Users\nicho\SimplicityStudio\v4_workspace\project-d\protocol\bluetooth\lib\EFR32BG1B\GCC\libbluetooth.a(gap_deprecated.c.obj)
                              C:\Users\nicho\SimplicityStudio\v4_workspace\project-d\protocol\bluetooth\lib\EFR32BG1B\GCC\libbluetooth.a(bgapi_gap.c.obj) (ubt_gap_set_adv_parameters)
C:\Users\nicho\SimplicityStudio\v4_workspace\project-d\protocol\bluetooth\lib\EFR32BG1B\GCC\libbluetooth.a(gap_resolver.c.obj)
                              C:\Users\nicho\SimplicityStudio\v4_workspace\project-d\protocol\bluetooth\lib\EFR32BG1B\GCC\libbluetooth.a(gap.c.obj) (gap_address_resolver_step)
C:\Users\nicho\SimplicityStudio\v4_workspace\project-d\protocol\bluetooth\lib\EFR32BG1B\GCC\libbluetooth.a(gap_scan.c.obj)
                              C:\Users\nicho\SimplicityStudio\v4_workspace\project-d\protocol\bluetooth\lib\EFR32BG1B\GCC\libbluetooth.a(gap.c.obj) (gap_status_set_scan_packet)
C:\Users\nicho\SimplicityStudio\v4_workspace\project-d\protocol\bluetooth\lib\EFR32BG1B\GCC\libbluetooth.a(gatt.c.obj)
                              C:\Users\nicho\SimplicityStudio\v4_workspace\project-d\protocol\bluetooth\lib\EFR32BG1B\GCC\libbluetooth.a(gap.c.obj) (gatt_init_connection)
C:\Users\nicho\SimplicityStudio\v4_workspace\project-d\protocol\bluetooth\lib\EFR32BG1B\GCC\libbluetooth.a(gatt_client.c.obj)
                              C:\Users\nicho\SimplicityStudio\v4_workspace\project-d\protocol\bluetooth\lib\EFR32BG1B\GCC\libbluetooth.a(bgapi_gatt_lib.c.obj) (gatt_client_init)
C:\Users\nicho\SimplicityStudio\v4_workspace\project-d\protocol\bluetooth\lib\EFR32BG1B\GCC\libbluetooth.a(gatt_db_minimal.c.obj)
                              C:\Users\nicho\SimplicityStudio\v4_workspace\project-d\protocol\bluetooth\lib\EFR32BG1B\GCC\libbluetooth.a(gap_adv.c.obj) (gatt_db_handle_active)
C:\Users\nicho\SimplicityStudio\v4_workspace\project-d\protocol\bluetooth\lib\EFR32BG1B\GCC\libbluetooth.a(gatt_server.c.obj)
[...]
Memory Configuration

Name             Origin             Length             Attributes
FLASH_BOOTLOADER 0x00000000         0x00004000         xr
FLASH            0x00004000         0x0003b000         xr
RAM              0x20000000         0x00007c00         xrw
*default*        0x00000000         0xffffffff

Linker script and memory map

LOAD c:/siliconlabs/simplicitystudio/v4/developer/toolchains/gnu_arm/7.2_2017q4/bin/../lib/gcc/arm-none-eabi/7.2.1/thumb/v7e-m/fpv4-sp/softfp/crti.o
LOAD c:/siliconlabs/simplicitystudio/v4/developer/toolchains/gnu_arm/7.2_2017q4/bin/../lib/gcc/arm-none-eabi/7.2.1/thumb/v7e-m/fpv4-sp/softfp/crtbegin.o
LOAD c:/siliconlabs/simplicitystudio/v4/developer/toolchains/gnu_arm/7.2_2017q4/bin/../lib/gcc/arm-none-eabi/7.2.1/../../../../arm-none-eabi/lib/thumb/v7e-m/fpv4-sp/softfp/crt0.o
START GROUP
LOAD ./app/bluetooth/common/util/infrastructure.o
LOAD ./application_properties.o
LOAD ./gatt_db.o
LOAD ./init_app.o
LOAD ./init_board_efr32xg1.o
LOAD ./init_mcu_efr32xg1.o
LOAD ./main.o
LOAD ./pti.o
LOAD ./hardware/kit/common/bsp/bsp_stk.o
LOAD ./hardware/kit/common/drivers/mx25flash_spi.o
LOAD ./platform/Device/SiliconLabs/BGM1/Source/GCC/startup_bgm1.o
LOAD ./platform/Device/SiliconLabs/BGM1/Source/system_bgm1.o
LOAD ./platform/emdrv/sleep/src/sleep.o
LOAD ./platform/emdrv/tempdrv/src/tempdrv.o
LOAD ./platform/emlib/src/em_assert.o
LOAD ./platform/emlib/src/em_cmu.o
LOAD ./platform/emlib/src/em_core.o
LOAD ./platform/emlib/src/em_cryotimer.o
LOAD ./platform/emlib/src/em_crypto.o
LOAD ./platform/emlib/src/em_emu.o
LOAD ./platform/emlib/src/em_gpio.o
LOAD ./platform/emlib/src/em_i2c.o
LOAD ./platform/emlib/src/em_msc.o
LOAD ./platform/emlib/src/em_rmu.o
LOAD ./platform/emlib/src/em_rtcc.o
LOAD ./platform/emlib/src/em_se.o
LOAD ./platform/emlib/src/em_system.o
LOAD ./platform/emlib/src/em_timer.o
LOAD ./platform/emlib/src/em_usart.o
LOAD C:\Users\nicho\SimplicityStudio\v4_workspace\project-d\protocol\bluetooth\lib\EFR32BG1B\GCC\libbluetooth.a
LOAD C:\Users\nicho\SimplicityStudio\v4_workspace\project-d\protocol\bluetooth\lib\EFR32BG1B\GCC\binapploader.o
LOAD C:\Users\nicho\SimplicityStudio\v4_workspace\project-d\platform\radio\rail_lib\autogen\librail_release\librail_config_bgm121a256v2_gcc.a
LOAD C:\Users\nicho\SimplicityStudio\v4_workspace\project-d\platform\radio\rail_lib\autogen\librail_release\librail_module_efr32xg1_gcc_release.a
LOAD C:\Users\nicho\SimplicityStudio\v4_workspace\project-d\protocol\bluetooth\lib\EFR32BG1B\GCC\libmbedtls.a
LOAD C:\Users\nicho\SimplicityStudio\v4_workspace\project-d\protocol\bluetooth\lib\EFR32BG1B\GCC\libpsstore.a
LOAD c:/siliconlabs/simplicitystudio/v4/developer/toolchains/gnu_arm/7.2_2017q4/bin/../lib/gcc/arm-none-eabi/7.2.1/../../../../arm-none-eabi/lib/thumb/v7e-m/fpv4-sp/softfp\libm.a
END GROUP
START GROUP
LOAD c:/siliconlabs/simplicitystudio/v4/developer/toolchains/gnu_arm/7.2_2017q4/bin/../lib/gcc/arm-none-eabi/7.2.1/thumb/v7e-m/fpv4-sp/softfp\libgcc.a
LOAD c:/siliconlabs/simplicitystudio/v4/developer/toolchains/gnu_arm/7.2_2017q4/bin/../lib/gcc/arm-none-eabi/7.2.1/../../../../arm-none-eabi/lib/thumb/v7e-m/fpv4-sp/softfp\libc_nano.a
LOAD c:/siliconlabs/simplicitystudio/v4/developer/toolchains/gnu_arm/7.2_2017q4/bin/../lib/gcc/arm-none-eabi/7.2.1/../../../../arm-none-eabi/lib/thumb/v7e-m/fpv4-sp/softfp\libnosys.a
END GROUP
START GROUP
LOAD c:/siliconlabs/simplicitystudio/v4/developer/toolchains/gnu_arm/7.2_2017q4/bin/../lib/gcc/arm-none-eabi/7.2.1/thumb/v7e-m/fpv4-sp/softfp\libgcc.a
LOAD c:/siliconlabs/simplicitystudio/v4/developer/toolchains/gnu_arm/7.2_2017q4/bin/../lib/gcc/arm-none-eabi/7.2.1/../../../../arm-none-eabi/lib/thumb/v7e-m/fpv4-sp/softfp\libg_nano.a
LOAD c:/siliconlabs/simplicitystudio/v4/developer/toolchains/gnu_arm/7.2_2017q4/bin/../lib/gcc/arm-none-eabi/7.2.1/../../../../arm-none-eabi/lib/thumb/v7e-m/fpv4-sp/softfp\libc_nano.a
END GROUP
START GROUP
LOAD c:/siliconlabs/simplicitystudio/v4/developer/toolchains/gnu_arm/7.2_2017q4/bin/../lib/gcc/arm-none-eabi/7.2.1/thumb/v7e-m/fpv4-sp/softfp\libgcc.a
LOAD c:/siliconlabs/simplicitystudio/v4/developer/toolchains/gnu_arm/7.2_2017q4/bin/../lib/gcc/arm-none-eabi/7.2.1/../../../../arm-none-eabi/lib/thumb/v7e-m/fpv4-sp/softfp\libc_nano.a
END GROUP
LOAD c:/siliconlabs/simplicitystudio/v4/developer/toolchains/gnu_arm/7.2_2017q4/bin/../lib/gcc/arm-none-eabi/7.2.1/thumb/v7e-m/fpv4-sp/softfp/crtend.o
LOAD c:/siliconlabs/simplicitystudio/v4/developer/toolchains/gnu_arm/7.2_2017q4/bin/../lib/gcc/arm-none-eabi/7.2.1/thumb/v7e-m/fpv4-sp/softfp/crtn.o

.text_bootloader
                0x00000000        0x0
 *(.binbootloader*)
                0x00000000                . = ALIGN (0x4000)

.text_apploader
                0x00004000     0x87c0
 *(.binapploader*)
 .binapploader  0x00004000     0x87c0 C:\Users\nicho\SimplicityStudio\v4_workspace\project-d\protocol\bluetooth\lib\EFR32BG1B\GCC\binapploader.o

.text_signature
                0x0000c7c0       0x40
                0x0000c800                . = ALIGN (0x800)
 *fill*         0x0000c7c0       0x40 
                0x0000c800                __text_start__ = .

.text_application
                0x0000c800    0x20470
 *(.vectors)
 .vectors       0x0000c800       0xc8 ./platform/Device/SiliconLabs/BGM1/Source/GCC/startup_bgm1.o
                0x0000c800                __Vectors
                0x0000c8c8                __Vectors_End = .
                0x000000c8                __Vectors_Size = (__Vectors_End - __Vectors)
                0x0000c8c8                __end__ = .
 *(.application_properties)
 .application_properties
                0x0000c8c8       0x38 ./application_properties.o
                0x0000c8c8                applicationProperties
 *(.gecko_configuration)
 *(.xo_configuration)
 *(.gatt_header)
 .gatt_header   0x0000c900       0x34 ./gatt_db.o
                0x0000c900                bg_gattdb_data
 *(.gatt_data)
 .gatt_data     0x0000c934      0x1d6 ./gatt_db.o
                0x0000c934                bg_gattdb_data_adv_uuid128_map
                0x0000c938                bg_gattdb_data_adv_uuid16_map
                0x0000c93c                bg_gattdb_data_attributes_dynamic_mapping_map
                0x0000c944                bg_gattdb_data_attributes_map
                0x0000ca28                bg_gattdb_data_attribute_field_0
                0x0000ca2c                bg_gattdb_data_attribute_field_1
                0x0000ca34                bg_gattdb_data_attribute_field_2
                0x0000ca3c                bg_gattdb_data_attribute_field_4
                0x0000ca40                bg_gattdb_data_attribute_field_5
                0x0000ca48                bg_gattdb_data_attribute_field_6
                0x0000ca50                bg_gattdb_data_attribute_field_7
                0x0000ca58                bg_gattdb_data_attribute_field_8
                0x0000ca5c                bg_gattdb_data_attribute_field_9
                0x0000ca60                bg_gattdb_data_attribute_field_10
                0x0000ca68                bg_gattdb_data_attribute_field_11
                0x0000ca78                bg_gattdb_data_attribute_field_12
                0x0000ca80                bg_gattdb_data_attribute_field_13
                0x0000ca8c                bg_gattdb_data_attribute_field_14
                0x0000ca94                bg_gattdb_data_attribute_field_15
                0x0000ca9c                bg_gattdb_data_attribute_field_16
                0x0000cab0                bg_gattdb_data_attribute_field_17
                0x0000cac8                bg_gattdb_data_attribute_field_18
                0x0000cad0                bg_gattdb_data_uuidtable_128_map
                0x0000caf0                bg_gattdb_data_uuidtable_16_map
 *(.text*)
 *fill*         0x0000cb0a        0x2 
 .text          0x0000cb0c       0x40 c:/siliconlabs/simplicitystudio/v4/developer/toolchains/gnu_arm/7.2_2017q4/bin/../lib/gcc/arm-none-eabi/7.2.1/thumb/v7e-m/fpv4-sp/softfp/crtbegin.o
 .text          0x0000cb4c       0x74 c:/siliconlabs/simplicitystudio/v4/developer/toolchains/gnu_arm/7.2_2017q4/bin/../lib/gcc/arm-none-eabi/7.2.1/../../../../arm-none-eabi/lib/thumb/v7e-m/fpv4-sp/softfp/crt0.o
                0x0000cb4c                _start
                0x0000cb4c                _mainCRTStartup
 .text.initApp  0x0000cbc0       0x30 ./init_app.o
                0x0000cbc0                initApp
 .text.initBoard
                0x0000cbf0       0x48 ./init_board_efr32xg1.o
                0x0000cbf0                initBoard
 .text.initMcu  0x0000cc38      0x17c ./init_mcu_efr32xg1.o
                0x0000cc38                initMcu
 .text.startup.main
                0x0000cdb4      0x1cc ./main.o
                0x0000cdb4                main
 .text.configEnablePti
                0x0000cf80       0x30 ./pti.o
                0x0000cf80                configEnablePti
 .text.MX25_init
                0x0000cfb0       0xa4 ./hardware/kit/common/drivers/mx25flash_spi.o
                0x0000cfb0                MX25_init
 .text.MX25_DP  0x0000d054       0x60 ./hardware/kit/common/drivers/mx25flash_spi.o
                0x0000d054                MX25_DP
 .text.Default_Handler
                0x0000d0b4        0x4 ./platform/Device/SiliconLabs/BGM1/Source/GCC/startup_bgm1.o
                0x0000d0b4                DebugMon_Handler
                0x0000d0b4                USART0_TX_IRQHandler
                0x0000d0b4                I2C0_IRQHandler
                0x0000d0b4                HardFault_Handler
                0x0000d0b4                SysTick_Handler
                0x0000d0b4                USART1_RX_IRQHandler
                0x0000d0b4                PendSV_Handler
                0x0000d0b4                NMI_Handler
                0x0000d0b4                WDOG0_IRQHandler
                0x0000d0b4                USART1_TX_IRQHandler
                0x0000d0b4                MSC_IRQHandler
                0x0000d0b4                ADC0_IRQHandler
                0x0000d0b4                UsageFault_Handler
                0x0000d0b4                LEUART0_IRQHandler
                0x0000d0b4                FPUEH_IRQHandler
                0x0000d0b4                GPIO_EVEN_IRQHandler
                0x0000d0b4                LDMA_IRQHandler
                0x0000d0b4                TIMER0_IRQHandler
                0x0000d0b4                LETIMER0_IRQHandler
                0x0000d0b4                TIMER1_IRQHandler
                0x0000d0b4                Default_Handler
                0x0000d0b4                CRYOTIMER_IRQHandler
                0x0000d0b4                PCNT0_IRQHandler
                0x0000d0b4                ACMP0_IRQHandler
                0x0000d0b4                USART0_RX_IRQHandler
                0x0000d0b4                MemManage_Handler
                0x0000d0b4                SVC_Handler
                0x0000d0b4                RTCC_IRQHandler
                0x0000d0b4                CRYPTO_IRQHandler
                0x0000d0b4                CMU_IRQHandler
                0x0000d0b4                GPIO_ODD_IRQHandler
                0x0000d0b4                BusFault_Handler
                0x0000d0b4                IDAC0_IRQHandler
 .text.Reset_Handler
                0x0000d0b8       0x2c ./platform/Device/SiliconLabs/BGM1/Source/GCC/startup_bgm1.o
                0x0000d0b8                Reset_Handler
 .text.SystemMaxCoreClockGet
                0x0000d0e4        0x8 ./platform/Device/SiliconLabs/BGM1/Source/system_bgm1.o
                0x0000d0e4                SystemMaxCoreClockGet
 .text.SystemHFClockGet
                0x0000d0ec       0x50 ./platform/Device/SiliconLabs/BGM1/Source/system_bgm1.o
                0x0000d0ec                SystemHFClockGet
 .text.SystemCoreClockGet
                0x0000d13c       0x24 ./platform/Device/SiliconLabs/BGM1/Source/system_bgm1.o
                0x0000d13c                SystemCoreClockGet
 .text.SystemHFXOClockGet
                0x0000d160        0xc ./platform/Device/SiliconLabs/BGM1/Source/system_bgm1.o
                0x0000d160                SystemHFXOClockGet
 .text.SystemHFXOClockSet
                0x0000d16c       0x3c ./platform/Device/SiliconLabs/BGM1/Source/system_bgm1.o
                0x0000d16c                SystemHFXOClockSet
 .text.SystemInit
                0x0000d1a8       0x54 ./platform/Device/SiliconLabs/BGM1/Source/system_bgm1.o
                0x0000d1a8                SystemInit
 .text.SystemLFRCOClockGet
                0x0000d1fc        0x8 ./platform/Device/SiliconLabs/BGM1/Source/system_bgm1.o
                0x0000d1fc                SystemLFRCOClockGet
 .text.SystemULFRCOClockGet
                0x0000d204        0x8 ./platform/Device/SiliconLabs/BGM1/Source/system_bgm1.o
                0x0000d204                SystemULFRCOClockGet
 .text.SystemLFXOClockGet
                0x0000d20c        0xc ./platform/Device/SiliconLabs/BGM1/Source/system_bgm1.o
                0x0000d20c                SystemLFXOClockGet
 .text.SystemLFXOClockSet
                0x0000d218       0x3c ./platform/Device/SiliconLabs/BGM1/Source/system_bgm1.o
                0x0000d218                SystemLFXOClockSet
 .text.sleepCallbackWrapper
                0x0000d254       0x14 ./platform/emdrv/sleep/src/sleep.o
 .text.enterEMx
                0x0000d268       0x54 ./platform/emdrv/sleep/src/sleep.o
 .text.SLEEP_Init
                0x0000d2bc       0x40 ./platform/emdrv/sleep/src/sleep.o
                0x0000d2bc                SLEEP_Init
 .text.SLEEP_Sleep
                0x0000d2fc       0x70 ./platform/emdrv/sleep/src/sleep.o
                0x0000d2fc                SLEEP_Sleep
 .text.SLEEP_SleepBlockBegin
                0x0000d36c       0x18 ./platform/emdrv/sleep/src/sleep.o
                0x0000d36c                SLEEP_SleepBlockBegin
 .text.SLEEP_SleepBlockEnd
                0x0000d384       0x1c ./platform/emdrv/sleep/src/sleep.o
                0x0000d384                SLEEP_SleepBlockEnd
 .text.SLEEP_LowestEnergyModeGet
                0x0000d3a0       0x1c ./platform/emdrv/sleep/src/sleep.o
                0x0000d3a0                SLEEP_LowestEnergyModeGet
 .text.updateInterrupts
                0x0000d3bc       0xcc ./platform/emdrv/tempdrv/src/tempdrv.o
 .text.errataStateUpdate
                0x0000d488       0xc0 ./platform/emdrv/tempdrv/src/tempdrv.o
 .text.errataCallback
                0x0000d548        0x4 ./platform/emdrv/tempdrv/src/tempdrv.o
 .text.TEMPDRV_IRQHandler
                0x0000d54c       0x9c ./platform/emdrv/tempdrv/src/tempdrv.o
                0x0000d54c                TEMPDRV_IRQHandler
 .text.EMU_IRQHandler
                0x0000d5e8        0x4 ./platform/emdrv/tempdrv/src/tempdrv.o
                0x0000d5e8                EMU_IRQHandler
 .text.TEMPDRV_Init
                0x0000d5ec      0x120 ./platform/emdrv/tempdrv/src/tempdrv.o
                0x0000d5ec                TEMPDRV_Init
 .text.flashWaitStateMax
                0x0000d70c       0x48 ./platform/emlib/src/em_cmu.o
 .text.CMU_OscillatorTuningSet.part.3
                0x0000d754       0x3c ./platform/emlib/src/em_cmu.o
 .text.CMU_ClockEnable
                0x0000d790       0x94 ./platform/emlib/src/em_cmu.o
                0x0000d790                CMU_ClockEnable
 .text.CMU_ClockSelectGet
                0x0000d824       0xc4 ./platform/emlib/src/em_cmu.o
                0x0000d824                CMU_ClockSelectGet
 .text.lfClkGet
                0x0000d8e8       0x94 ./platform/emlib/src/em_cmu.o
 .text.CMU_ClockFreqGet
                0x0000d97c      0x160 ./platform/emlib/src/em_cmu.o
                0x0000d97c                CMU_ClockFreqGet
 .text.CMU_HFXOInit
                0x0000dadc       0x90 ./platform/emlib/src/em_cmu.o
                0x0000dadc                CMU_HFXOInit
 .text.CMU_LFXOInit
                0x0000db6c       0x50 ./platform/emlib/src/em_cmu.o
                0x0000db6c                CMU_LFXOInit
 .text.CMU_OscillatorTuningWait
                0x0000dbbc       0x48 ./platform/emlib/src/em_cmu.o
                0x0000dbbc                CMU_OscillatorTuningWait
 .text.CMU_OscillatorEnable
                0x0000dc04      0x108 ./platform/emlib/src/em_cmu.o
                0x0000dc04                CMU_OscillatorEnable
 .text.CMU_ClockSelectSet
                0x0000dd0c      0x240 ./platform/emlib/src/em_cmu.o
                0x0000dd0c                CMU_ClockSelectSet
 .text.CMU_HFXOAutostartEnable
                0x0000df4c       0xc8 ./platform/emlib/src/em_cmu.o
                0x0000df4c                CMU_HFXOAutostartEnable
 .text.CORE_EnterCritical
                0x0000e014        0x8 ./platform/emlib/src/em_core.o
                0x0000e014                CORE_EnterCritical
 .text.CORE_ExitCritical
                0x0000e01c        0x8 ./platform/emlib/src/em_core.o
                0x0000e01c                CORE_ExitCritical
 .text.CORE_EnterAtomic
                0x0000e024        0x8 ./platform/emlib/src/em_core.o
                0x0000e024                CORE_EnterAtomic
 .text.CORE_ExitAtomic
                0x0000e02c        0x4 ./platform/emlib/src/em_core.o
                0x0000e02c                CORE_ExitAtomic
 .text.CORE_SetNvicRamTableHandler
                0x0000e030       0x10 ./platform/emlib/src/em_core.o
                0x0000e030                CORE_SetNvicRamTableHandler
 .text.CORE_InitNvicVectorTable
                0x0000e040       0x44 ./platform/emlib/src/em_core.o
                0x0000e040                CORE_InitNvicVectorTable
 .text.CRYPTO_ModulusSet
                0x0000e084       0x38 ./platform/emlib/src/em_crypto.o
                0x0000e084                CRYPTO_ModulusSet
 .text.CRYPTO_KeyRead
                0x0000e0bc       0x2c ./platform/emlib/src/em_crypto.o
                0x0000e0bc                CRYPTO_KeyRead
 .text.currentLimitersUpdate
                0x0000e0e8       0x74 ./platform/emlib/src/em_emu.o
 .text.dcdcHsFixLnBlock.part.0
                0x0000e15c       0x30 ./platform/emlib/src/em_emu.o
 .text.dcdcFetCntSet.part.1
                0x0000e18c       0x20 ./platform/emlib/src/em_emu.o
 .text.emState.part.2
                0x0000e1ac       0x24 ./platform/emlib/src/em_emu.o
 .text.emState.constprop.5
                0x0000e1d0       0x50 ./platform/emlib/src/em_emu.o
 .text.EMU_EnterEM2
                0x0000e220       0x5c ./platform/emlib/src/em_emu.o
                0x0000e220                EMU_EnterEM2
 .text.EMU_EnterEM3
                0x0000e27c       0x78 ./platform/emlib/src/em_emu.o
                0x0000e27c                EMU_EnterEM3
 .text.EMU_Save
                0x0000e2f4        0x4 ./platform/emlib/src/em_emu.o
                0x0000e2f4                EMU_Save
 .text.EMU_Restore
                0x0000e2f8        0x4 ./platform/emlib/src/em_emu.o
                0x0000e2f8                EMU_Restore
 .text.EMU_DCDCModeSet
                0x0000e2fc       0x64 ./platform/emlib/src/em_emu.o
                0x0000e2fc                EMU_DCDCModeSet
 .text.EMU_EnterEM4
                0x0000e360       0x98 ./platform/emlib/src/em_emu.o
                0x0000e360                EMU_EnterEM4
 .text.EMU_DCDCOutputVoltageSet
                0x0000e3f8      0x1b8 ./platform/emlib/src/em_emu.o
                0x0000e3f8                EMU_DCDCOutputVoltageSet
 .text.EMU_DCDCOptimizeSlice
                0x0000e5b0       0x94 ./platform/emlib/src/em_emu.o
                0x0000e5b0                EMU_DCDCOptimizeSlice
 .text.EMU_DCDCInit
                0x0000e644      0x1a8 ./platform/emlib/src/em_emu.o
                0x0000e644                EMU_DCDCInit
 .text.EMU_DCDCLnRcoBandSet
                0x0000e7ec       0x24 ./platform/emlib/src/em_emu.o
                0x0000e7ec                EMU_DCDCLnRcoBandSet
 .text.EMU_SetBiasMode
                0x0000e810       0x7c ./platform/emlib/src/em_emu.o
                0x0000e810                EMU_SetBiasMode
 .text.GPIO_PinModeSet
                0x0000e88c       0x94 ./platform/emlib/src/em_gpio.o
                0x0000e88c                GPIO_PinModeSet
 .text.MSC_Init
                0x0000e920       0x18 ./platform/emlib/src/em_msc.o
                0x0000e920                MSC_Init
 .text.MSC_Deinit
                0x0000e938       0x14 ./platform/emlib/src/em_msc.o
                0x0000e938                MSC_Deinit
 .text.RMU_ResetCauseClear
                0x0000e94c        0xc ./platform/emlib/src/em_rmu.o
                0x0000e94c                RMU_ResetCauseClear
 .text.RMU_ResetCauseGet
                0x0000e958       0x7c ./platform/emlib/src/em_rmu.o
                0x0000e958                RMU_ResetCauseGet
 .text.RTCC_ChannelInit
                0x0000e9d4       0x38 ./platform/emlib/src/em_rtcc.o
                0x0000e9d4                RTCC_ChannelInit
 .text.RTCC_Init
                0x0000ea0c       0x64 ./platform/emlib/src/em_rtcc.o
                0x0000ea0c                RTCC_Init
 .text.SYSTEM_ChipRevisionGet
                0x0000ea70       0x34 ./platform/emlib/src/em_system.o
                0x0000ea70                SYSTEM_ChipRevisionGet
 .text.USART_InitSync
                0x0000eaa4       0xd4 ./platform/emlib/src/em_usart.o
                0x0000eaa4                USART_InitSync
 .text.USART_Reset
                0x0000eb78       0x50 ./platform/emlib/src/em_usart.o
                0x0000eb78                USART_Reset
 .text.USART_SpiTransfer
                0x0000ebc8       0x14 ./platform/emlib/src/em_usart.o
                0x0000ebc8                USART_SpiTransfer
 .text.convert_scan_respone_packet_type.isra.0
                0x0000ebdc       0x44 C:\Users\nicho\SimplicityStudio\v4_workspace\project-d\protocol\bluetooth\lib\EFR32BG1B\GCC\libbluetooth.a(bgapi.c.obj)
 .text.bgapi_ubt_listener
                0x0000ec20      0x3fc C:\Users\nicho\SimplicityStudio\v4_workspace\project-d\protocol\bluetooth\lib\EFR32BG1B\GCC\libbluetooth.a(bgapi.c.obj)
                0x0000ec20                bgapi_ubt_listener
 .text.register_message_handler
                0x0000f01c        0xc C:\Users\nicho\SimplicityStudio\v4_workspace\project-d\protocol\bluetooth\lib\EFR32BG1B\GCC\libbluetooth.a(bgapi.c.obj)
                0x0000f01c                register_message_handler
 .text.bgapi_init
                0x0000f028       0x1c C:\Users\nicho\SimplicityStudio\v4_workspace\project-d\protocol\bluetooth\lib\EFR32BG1B\GCC\libbluetooth.a(bgapi.c.obj)
                0x0000f028                bgapi_init
 .text.bgapi_buffer_init
                0x0000f044       0x30 C:\Users\nicho\SimplicityStudio\v4_workspace\project-d\protocol\bluetooth\lib\EFR32BG1B\GCC\libbluetooth.a(bgapi.c.obj)
                0x0000f044                bgapi_buffer_init
 .text.bg_set_max_tx_power
                0x0000f074       0x68 C:\Users\nicho\SimplicityStudio\v4_workspace\project-d\protocol\bluetooth\lib\EFR32BG1B\GCC\libbluetooth.a(bgapi.c.obj)
                0x0000f074                bg_set_max_tx_power
 .text.lib_le_gap_handler_init
                0x0000f0dc        0x2 C:\Users\nicho\SimplicityStudio\v4_workspace\project-d\protocol\bluetooth\lib\EFR32BG1B\GCC\libbluetooth.a(bgapi_gap.c.obj)
                0x0000f0dc                lib_le_gap_handler_init
 *fill*         0x0000f0de        0x2 
 .text.sli_bt_cmd_le_gap_set_advertise_timing
                0x0000f0e0       0x3c C:\Users\nicho\SimplicityStudio\v4_workspace\project-d\protocol\bluetooth\lib\EFR32BG1B\GCC\libbluetooth.a(bgapi_gap.c.obj)
                0x0000f0e0                sli_bt_cmd_le_gap_set_advertise_timing
 .text.sli_bt_cmd_le_gap_start_advertising
                0x0000f11c       0x38 C:\Users\nicho\SimplicityStudio\v4_workspace\project-d\protocol\bluetooth\lib\EFR32BG1B\GCC\libbluetooth.a(bgapi_gap.c.obj)
                0x0000f11c                sli_bt_cmd_le_gap_start_advertising
 .text.bgapi_gatt_listener
                0x0000f154      0x28c C:\Users\nicho\SimplicityStudio\v4_workspace\project-d\protocol\bluetooth\lib\EFR32BG1B\GCC\libbluetooth.a(bgapi_gatt.c.obj)
                0x0000f154                bgapi_gatt_listener
 .text.lib_gatt_handler_init
                0x0000f3e0        0x4 C:\Users\nicho\SimplicityStudio\v4_workspace\project-d\protocol\bluetooth\lib\EFR32BG1B\GCC\libbluetooth.a(bgapi_gatt_lib.c.obj)
                0x0000f3e0                lib_gatt_handler_init
 .text.lib_gatt_server_handler_init
                0x0000f3e4        0x2 C:\Users\nicho\SimplicityStudio\v4_workspace\project-d\protocol\bluetooth\lib\EFR32BG1B\GCC\libbluetooth.a(bgapi_gatt_lib.c.obj)
                0x0000f3e4                lib_gatt_server_handler_init
 *fill*         0x0000f3e6        0x2 
 .text.sli_bt_cmd_gatt_server_send_user_write_response
                0x0000f3e8       0x34 C:\Users\nicho\SimplicityStudio\v4_workspace\project-d\protocol\bluetooth\lib\EFR32BG1B\GCC\libbluetooth.a(bgapi_gatt_lib.c.obj)
                0x0000f3e8                sli_bt_cmd_gatt_server_send_user_write_response
 .text.lib_le_connection_handler_init
                0x0000f41c        0x2 C:\Users\nicho\SimplicityStudio\v4_workspace\project-d\protocol\bluetooth\lib\EFR32BG1B\GCC\libbluetooth.a(bgapi_le_connection.c.obj)
                0x0000f41c                lib_le_connection_handler_init
 .text.bgapi_close_le_connection
                0x0000f41e       0x16 C:\Users\nicho\SimplicityStudio\v4_workspace\project-d\protocol\bluetooth\lib\EFR32BG1B\GCC\libbluetooth.a(bgapi_le_connection.c.obj)
                0x0000f41e                bgapi_close_le_connection
 .text.sli_bt_cmd_le_connection_close
                0x0000f434       0x2c C:\Users\nicho\SimplicityStudio\v4_workspace\project-d\protocol\bluetooth\lib\EFR32BG1B\GCC\libbluetooth.a(bgapi_le_connection.c.obj)
                0x0000f434                sli_bt_cmd_le_connection_close
 .text.bgapi_system_listener
                0x0000f460       0x30 C:\Users\nicho\SimplicityStudio\v4_workspace\project-d\protocol\bluetooth\lib\EFR32BG1B\GCC\libbluetooth.a(bgapi_system.c.obj)
                0x0000f460                bgapi_system_listener
 .text.lib_system_handler_init
                0x0000f490       0x14 C:\Users\nicho\SimplicityStudio\v4_workspace\project-d\protocol\bluetooth\lib\EFR32BG1B\GCC\libbluetooth.a(bgapi_system.c.obj)
                0x0000f490                lib_system_handler_init
 .text.sli_bt_cmd_system_reset
                0x0000f4a4        0x6 C:\Users\nicho\SimplicityStudio\v4_workspace\project-d\protocol\bluetooth\lib\EFR32BG1B\GCC\libbluetooth.a(bgapi_system.c.obj)
                0x0000f4a4                sli_bt_cmd_system_reset
 *fill*         0x0000f4aa        0x2 
 .text.bgbuf_alloc_int
                0x0000f4ac       0x9c C:\Users\nicho\SimplicityStudio\v4_workspace\project-d\protocol\bluetooth\lib\EFR32BG1B\GCC\libbluetooth.a(bgbuf.c.obj)
 .text.bgbuf_init
                0x0000f548       0x2c C:\Users\nicho\SimplicityStudio\v4_workspace\project-d\protocol\bluetooth\lib\EFR32BG1B\GCC\libbluetooth.a(bgbuf.c.obj)
                0x0000f548                bgbuf_init
 .text.bgbuf_alloc
                0x0000f574        0xc C:\Users\nicho\SimplicityStudio\v4_workspace\project-d\protocol\bluetooth\lib\EFR32BG1B\GCC\libbluetooth.a(bgbuf.c.obj)
                0x0000f574                bgbuf_alloc
 .text.bgbuf_alloc_size
                0x0000f580       0x10 C:\Users\nicho\SimplicityStudio\v4_workspace\project-d\protocol\bluetooth\lib\EFR32BG1B\GCC\libbluetooth.a(bgbuf.c.obj)
                0x0000f580                bgbuf_alloc_size
 .text.bgbuf_free
                0x0000f590       0x7c C:\Users\nicho\SimplicityStudio\v4_workspace\project-d\protocol\bluetooth\lib\EFR32BG1B\GCC\libbluetooth.a(bgbuf.c.obj)
                0x0000f590                bgbuf_free
 .text.bgbuf_append
                0x0000f60c       0x16 C:\Users\nicho\SimplicityStudio\v4_workspace\project-d\protocol\bluetooth\lib\EFR32BG1B\GCC\libbluetooth.a(bgbuf.c.obj)
                0x0000f60c                bgbuf_append
 .text.bgbuf_append_data
                0x0000f622       0x24 C:\Users\nicho\SimplicityStudio\v4_workspace\project-d\protocol\bluetooth\lib\EFR32BG1B\GCC\libbluetooth.a(bgbuf.c.obj)
                0x0000f622                bgbuf_append_data
 .text.bgbuf_copy_to
                0x0000f646       0x5e C:\Users\nicho\SimplicityStudio\v4_workspace\project-d\protocol\bluetooth\lib\EFR32BG1B\GCC\libbluetooth.a(bgbuf.c.obj)
                0x0000f646                bgbuf_copy_to
 .text.bgbuf_chain_free
                0x0000f6a4       0x14 C:\Users\nicho\SimplicityStudio\v4_workspace\project-d\protocol\bluetooth\lib\EFR32BG1B\GCC\libbluetooth.a(bgbuf.c.obj)
                0x0000f6a4                bgbuf_chain_free
 .text.bgbuf_clone
                0x0000f6b8       0x72 C:\Users\nicho\SimplicityStudio\v4_workspace\project-d\protocol\bluetooth\lib\EFR32BG1B\GCC\libbluetooth.a(bgbuf.c.obj)
                0x0000f6b8                bgbuf_clone
 .text.bgbuf_chain_pop_packet
                0x0000f72a       0x26 C:\Users\nicho\SimplicityStudio\v4_workspace\project-d\protocol\bluetooth\lib\EFR32BG1B\GCC\libbluetooth.a(bgbuf.c.obj)
                0x0000f72a                bgbuf_chain_pop_packet
 .text.bgbuf_prepend_no_alloc
                0x0000f750       0x40 C:\Users\nicho\SimplicityStudio\v4_workspace\project-d\protocol\bluetooth\lib\EFR32BG1B\GCC\libbluetooth.a(bgbuf.c.obj)
                0x0000f750                bgbuf_prepend_no_alloc
 .text.bgbuf_prepend
                0x0000f790       0x24 C:\Users\nicho\SimplicityStudio\v4_workspace\project-d\protocol\bluetooth\lib\EFR32BG1B\GCC\libbluetooth.a(bgbuf.c.obj)
                0x0000f790                bgbuf_prepend
 .text.bgbuf_split
                0x0000f7b4       0x50 C:\Users\nicho\SimplicityStudio\v4_workspace\project-d\protocol\bluetooth\lib\EFR32BG1B\GCC\libbluetooth.a(bgbuf.c.obj)
                0x0000f7b4                bgbuf_split
 .text.bgbuf_chain_get
                0x0000f804       0x46 C:\Users\nicho\SimplicityStudio\v4_workspace\project-d\protocol\bluetooth\lib\EFR32BG1B\GCC\libbluetooth.a(bgbuf.c.obj)
                0x0000f804                bgbuf_chain_get
 .text.bgbuf_chain_get_head
                0x0000f84a       0x10 C:\Users\nicho\SimplicityStudio\v4_workspace\project-d\protocol\bluetooth\lib\EFR32BG1B\GCC\libbluetooth.a(bgbuf.c.obj)
                0x0000f84a                bgbuf_chain_get_head
 .text.bgbuf_chain_len
                0x0000f85a       0x14 C:\Users\nicho\SimplicityStudio\v4_workspace\project-d\protocol\bluetooth\lib\EFR32BG1B\GCC\libbluetooth.a(bgbuf.c.obj)
                0x0000f85a                bgbuf_chain_len
 .text.bgbuf_memcmp
                0x0000f86e       0x44 C:\Users\nicho\SimplicityStudio\v4_workspace\project-d\protocol\bluetooth\lib\EFR32BG1B\GCC\libbluetooth.a(bgbuf.c.obj)
                0x0000f86e                bgbuf_memcmp
 .text.bgbuf_cmp
                0x0000f8b2       0xac C:\Users\nicho\SimplicityStudio\v4_workspace\project-d\protocol\bluetooth\lib\EFR32BG1B\GCC\libbluetooth.a(bgbuf.c.obj)
                0x0000f8b2                bgbuf_cmp
 .text.bgbuf_chain_add
                0x0000f95e       0x14 C:\Users\nicho\SimplicityStudio\v4_workspace\project-d\protocol\bluetooth\lib\EFR32BG1B\GCC\libbluetooth.a(bgbuf.c.obj)
                0x0000f95e                bgbuf_chain_add
 .text.bgbuf_chain_append_data
                0x0000f972       0x64 C:\Users\nicho\SimplicityStudio\v4_workspace\project-d\protocol\bluetooth\lib\EFR32BG1B\GCC\libbluetooth.a(bgbuf.c.obj)
                0x0000f972                bgbuf_chain_append_data
 .text.bgbuf_alloc_copy_data
                0x0000f9d6       0x2a C:\Users\nicho\SimplicityStudio\v4_workspace\project-d\protocol\bluetooth\lib\EFR32BG1B\GCC\libbluetooth.a(bgbuf.c.obj)
                0x0000f9d6                bgbuf_alloc_copy_data
 .text.bgbuf_chain_drop
                0x0000fa00       0x2c C:\Users\nicho\SimplicityStudio\v4_workspace\project-d\protocol\bluetooth\lib\EFR32BG1B\GCC\libbluetooth.a(bgbuf.c.obj)
                0x0000fa00                bgbuf_chain_drop
 .text.bgbuf_chain_drop_end
                0x0000fa2c       0x42 C:\Users\nicho\SimplicityStudio\v4_workspace\project-d\protocol\bluetooth\lib\EFR32BG1B\GCC\libbluetooth.a(bgbuf.c.obj)
                0x0000fa2c                bgbuf_chain_drop_end
 .text.bgbuf_chain_defragment
                0x0000fa6e       0x8c C:\Users\nicho\SimplicityStudio\v4_workspace\project-d\protocol\bluetooth\lib\EFR32BG1B\GCC\libbluetooth.a(bgbuf.c.obj)
                0x0000fa6e                bgbuf_chain_defragment
 *fill*         0x0000fafa        0x2 
 .text.bgbuf_add_callback
                0x0000fafc       0x1c C:\Users\nicho\SimplicityStudio\v4_workspace\project-d\protocol\bluetooth\lib\EFR32BG1B\GCC\libbluetooth.a(bgbuf.c.obj)
                0x0000fafc                bgbuf_add_callback
 .text.gecko_init_alloc
                0x0000fb18       0x38 C:\Users\nicho\SimplicityStudio\v4_workspace\project-d\protocol\bluetooth\lib\EFR32BG1B\GCC\libbluetooth.a(bglib.c.obj)
                0x0000fb18                gecko_init_alloc
 .text.user_signal_message_handler
                0x0000fb50       0x2c C:\Users\nicho\SimplicityStudio\v4_workspace\project-d\protocol\bluetooth\lib\EFR32BG1B\GCC\libbluetooth.a(bglib.c.obj)
 .text.gecko_process_event
                0x0000fb7c       0x5c C:\Users\nicho\SimplicityStudio\v4_workspace\project-d\protocol\bluetooth\lib\EFR32BG1B\GCC\libbluetooth.a(bglib.c.obj)
 .text.check_ctune_override
                0x0000fbd8       0x2c C:\Users\nicho\SimplicityStudio\v4_workspace\project-d\protocol\bluetooth\lib\EFR32BG1B\GCC\libbluetooth.a(bglib.c.obj)
                0x0000fbd8                check_ctune_override
 .text.gecko_stack_init
                0x0000fc04      0x254 C:\Users\nicho\SimplicityStudio\v4_workspace\project-d\protocol\bluetooth\lib\EFR32BG1B\GCC\libbluetooth.a(bglib.c.obj)
                0x0000fc04                gecko_stack_init
 .text.gecko_wait_event
                0x0000fe58        0x6 C:\Users\nicho\SimplicityStudio\v4_workspace\project-d\protocol\bluetooth\lib\EFR32BG1B\GCC\libbluetooth.a(bglib.c.obj)
                0x0000fe58                gecko_wait_event
 *fill*         0x0000fe5e        0x2 
 .text.gecko_stack_update_callback
                0x0000fe60       0x10 C:\Users\nicho\SimplicityStudio\v4_workspace\project-d\protocol\bluetooth\lib\EFR32BG1B\GCC\libbluetooth.a(bglib.c.obj)
                0x0000fe60                gecko_stack_update_callback
 .text.bootloader_getInfo
                0x0000fe70       0x48 C:\Users\nicho\SimplicityStudio\v4_workspace\project-d\protocol\bluetooth\lib\EFR32BG1B\GCC\libbluetooth.a(btl_interface.c.obj)
                0x0000fe70                bootloader_getInfo
 .text.bg_hal_get_current_ctune
                0x0000feb8       0x14 C:\Users\nicho\SimplicityStudio\v4_workspace\project-d\protocol\bluetooth\lib\EFR32BG1B\GCC\libbluetooth.a(efr32xg1x.c.obj)
                0x0000feb8                bg_hal_get_current_ctune
 .text.bg_hal_set_ctune
                0x0000fecc       0x64 C:\Users\nicho\SimplicityStudio\v4_workspace\project-d\protocol\bluetooth\lib\EFR32BG1B\GCC\libbluetooth.a(efr32xg1x.c.obj)
                0x0000fecc                bg_hal_set_ctune
 .text.bg_hal_get_le_phys
                0x0000ff30        0x4 C:\Users\nicho\SimplicityStudio\v4_workspace\project-d\protocol\bluetooth\lib\EFR32BG1B\GCC\libbluetooth.a(efr32xg1x.c.obj)
                0x0000ff30                bg_hal_get_le_phys
 .text.bg_hal_has_high_power_pa
                0x0000ff34       0x10 C:\Users\nicho\SimplicityStudio\v4_workspace\project-d\protocol\bluetooth\lib\EFR32BG1B\GCC\libbluetooth.a(efr32xg1x.c.obj)
                0x0000ff34                bg_hal_has_high_power_pa
 .text.bg_hal_init_hfbus_clocks
                0x0000ff44       0x14 C:\Users\nicho\SimplicityStudio\v4_workspace\project-d\protocol\bluetooth\lib\EFR32BG1B\GCC\libbluetooth.a(efr32xg1x.c.obj)
                0x0000ff44                bg_hal_init_hfbus_clocks
 .text.gap_is_scanning_or_advertising.part.0
                0x0000ff58       0x2c C:\Users\nicho\SimplicityStudio\v4_workspace\project-d\protocol\bluetooth\lib\EFR32BG1B\GCC\libbluetooth.a(gap.c.obj)
 .text.gap_is_resolvable
                0x0000ff84       0x18 C:\Users\nicho\SimplicityStudio\v4_workspace\project-d\protocol\bluetooth\lib\EFR32BG1B\GCC\libbluetooth.a(gap.c.obj)
                0x0000ff84                gap_is_resolvable
 .text.gap_init
                0x0000ff9c       0x14 C:\Users\nicho\SimplicityStudio\v4_workspace\project-d\protocol\bluetooth\lib\EFR32BG1B\GCC\libbluetooth.a(gap.c.obj)
                0x0000ff9c                gap_init
 .text.gap_reset_state
                0x0000ffb0       0xac C:\Users\nicho\SimplicityStudio\v4_workspace\project-d\protocol\bluetooth\lib\EFR32BG1B\GCC\libbluetooth.a(gap.c.obj)
                0x0000ffb0                gap_reset_state
 .text.gap_notify_connection_parameters
                0x0001005c       0x60 C:\Users\nicho\SimplicityStudio\v4_workspace\project-d\protocol\bluetooth\lib\EFR32BG1B\GCC\libbluetooth.a(gap.c.obj)
                0x0001005c                gap_notify_connection_parameters
 .text.gap_connection_complete.part.4
                0x000100bc       0xc8 C:\Users\nicho\SimplicityStudio\v4_workspace\project-d\protocol\bluetooth\lib\EFR32BG1B\GCC\libbluetooth.a(gap.c.obj)
 .text.gap_notify_phy_status
                0x00010184       0x3c C:\Users\nicho\SimplicityStudio\v4_workspace\project-d\protocol\bluetooth\lib\EFR32BG1B\GCC\libbluetooth.a(gap.c.obj)
                0x00010184                gap_notify_phy_status
 .text.gap_resolver_completed
                0x000101c0       0x90 C:\Users\nicho\SimplicityStudio\v4_workspace\project-d\protocol\bluetooth\lib\EFR32BG1B\GCC\libbluetooth.a(gap.c.obj)
                0x000101c0                gap_resolver_completed
 .text.check_private_address_and_timer
                0x00010250       0x64 C:\Users\nicho\SimplicityStudio\v4_workspace\project-d\protocol\bluetooth\lib\EFR32BG1B\GCC\libbluetooth.a(gap.c.obj)
                0x00010250                check_private_address_and_timer
 .text.gap_scan_update
                0x000102b4       0xb8 C:\Users\nicho\SimplicityStudio\v4_workspace\project-d\protocol\bluetooth\lib\EFR32BG1B\GCC\libbluetooth.a(gap.c.obj)
                0x000102b4                gap_scan_update
 .text.gap_listener
                0x0001036c       0xa0 C:\Users\nicho\SimplicityStudio\v4_workspace\project-d\protocol\bluetooth\lib\EFR32BG1B\GCC\libbluetooth.a(gap.c.obj)
                0x0001036c                gap_listener
 .text.gap_disconnect_acl
                0x0001040c       0x12 C:\Users\nicho\SimplicityStudio\v4_workspace\project-d\protocol\bluetooth\lib\EFR32BG1B\GCC\libbluetooth.a(gap.c.obj)
                0x0001040c                gap_disconnect_acl
 *fill*         0x0001041e        0x2 
 .text.gap_connection_disconnected
                0x00010420       0x34 C:\Users\nicho\SimplicityStudio\v4_workspace\project-d\protocol\bluetooth\lib\EFR32BG1B\GCC\libbluetooth.a(gap.c.obj)
                0x00010420                gap_connection_disconnected
 .text.gap_connection_complete
                0x00010454       0x5c C:\Users\nicho\SimplicityStudio\v4_workspace\project-d\protocol\bluetooth\lib\EFR32BG1B\GCC\libbluetooth.a(gap.c.obj)
                0x00010454                gap_connection_complete
 .text.gap_encryption_changed
                0x000104b0       0x50 C:\Users\nicho\SimplicityStudio\v4_workspace\project-d\protocol\bluetooth\lib\EFR32BG1B\GCC\libbluetooth.a(gap.c.obj)
                0x000104b0                gap_encryption_changed
 .text.ubt_gap_set_static_address_identity
                0x00010500       0x50 C:\Users\nicho\SimplicityStudio\v4_workspace\project-d\protocol\bluetooth\lib\EFR32BG1B\GCC\libbluetooth.a(gap.c.obj)
                0x00010500                ubt_gap_set_static_address_identity
 .text.ubt_gap_get_identity_address
                0x00010550       0x1c C:\Users\nicho\SimplicityStudio\v4_workspace\project-d\protocol\bluetooth\lib\EFR32BG1B\GCC\libbluetooth.a(gap.c.obj)
                0x00010550                ubt_gap_get_identity_address
 .text.gap_acl_new
                0x0001056c       0x30 C:\Users\nicho\SimplicityStudio\v4_workspace\project-d\protocol\bluetooth\lib\EFR32BG1B\GCC\libbluetooth.a(gap.c.obj)
                0x0001056c                gap_acl_new
 .text.ubt_gap_get_identity_address_type
                0x0001059c       0x10 C:\Users\nicho\SimplicityStudio\v4_workspace\project-d\protocol\bluetooth\lib\EFR32BG1B\GCC\libbluetooth.a(gap.c.obj)
                0x0001059c                ubt_gap_get_identity_address_type
 .text.cache_adv_scan_packet
                0x000105ac       0x20 C:\Users\nicho\SimplicityStudio\v4_workspace\project-d\protocol\bluetooth\lib\EFR32BG1B\GCC\libbluetooth.a(gap_adv.c.obj)
 .text.bgbuf_chain_append_byte
                0x000105cc       0x16 C:\Users\nicho\SimplicityStudio\v4_workspace\project-d\protocol\bluetooth\lib\EFR32BG1B\GCC\libbluetooth.a(gap_adv.c.obj)
 .text.gap_adv_add_attribute
                0x000105e2       0xa6 C:\Users\nicho\SimplicityStudio\v4_workspace\project-d\protocol\bluetooth\lib\EFR32BG1B\GCC\libbluetooth.a(gap_adv.c.obj)
 .text.gap_adv_add_name
                0x00010688       0x9e C:\Users\nicho\SimplicityStudio\v4_workspace\project-d\protocol\bluetooth\lib\EFR32BG1B\GCC\libbluetooth.a(gap_adv.c.obj)
 .text.use_legacy_advertising
                0x00010726       0x36 C:\Users\nicho\SimplicityStudio\v4_workspace\project-d\protocol\bluetooth\lib\EFR32BG1B\GCC\libbluetooth.a(gap_adv.c.obj)
 .text.gap_alloc_mem
                0x0001075c       0x2c C:\Users\nicho\SimplicityStudio\v4_workspace\project-d\protocol\bluetooth\lib\EFR32BG1B\GCC\libbluetooth.a(gap_adv.c.obj)
                0x0001075c                gap_alloc_mem
 .text.gap_adv_terminated_callback
                0x00010788       0x60 C:\Users\nicho\SimplicityStudio\v4_workspace\project-d\protocol\bluetooth\lib\EFR32BG1B\GCC\libbluetooth.a(gap_adv.c.obj)
                0x00010788                gap_adv_terminated_callback
 .text.gap_create_adv_packets
                0x000107e8      0x128 C:\Users\nicho\SimplicityStudio\v4_workspace\project-d\protocol\bluetooth\lib\EFR32BG1B\GCC\libbluetooth.a(gap_adv.c.obj)
                0x000107e8                gap_create_adv_packets
 .text.gap_set_advertising_timeout
                0x00010910       0x7c C:\Users\nicho\SimplicityStudio\v4_workspace\project-d\protocol\bluetooth\lib\EFR32BG1B\GCC\libbluetooth.a(gap_adv.c.obj)
                0x00010910                gap_set_advertising_timeout
 .text.gap_set_advertising_timing
                0x0001098c       0x64 C:\Users\nicho\SimplicityStudio\v4_workspace\project-d\protocol\bluetooth\lib\EFR32BG1B\GCC\libbluetooth.a(gap_adv.c.obj)
                0x0001098c                gap_set_advertising_timing
 .text.gap_get_advertising_scan_report_enable
                0x000109f0       0x24 C:\Users\nicho\SimplicityStudio\v4_workspace\project-d\protocol\bluetooth\lib\EFR32BG1B\GCC\libbluetooth.a(gap_adv.c.obj)
                0x000109f0                gap_get_advertising_scan_report_enable
 .text.gap_adv_update
                0x00010a14      0x1dc C:\Users\nicho\SimplicityStudio\v4_workspace\project-d\protocol\bluetooth\lib\EFR32BG1B\GCC\libbluetooth.a(gap_adv.c.obj)
                0x00010a14                gap_adv_update
 .text.gap_stop_advertising
                0x00010bf0       0x2c C:\Users\nicho\SimplicityStudio\v4_workspace\project-d\protocol\bluetooth\lib\EFR32BG1B\GCC\libbluetooth.a(gap_adv.c.obj)
                0x00010bf0                gap_stop_advertising
 .text.gap_start_advertising
                0x00010c1c      0x11c C:\Users\nicho\SimplicityStudio\v4_workspace\project-d\protocol\bluetooth\lib\EFR32BG1B\GCC\libbluetooth.a(gap_adv.c.obj)
                0x00010c1c                gap_start_advertising
 .text.gap_address_resolver_step
                0x00010d38       0x94 C:\Users\nicho\SimplicityStudio\v4_workspace\project-d\protocol\bluetooth\lib\EFR32BG1B\GCC\libbluetooth.a(gap_resolver.c.obj)
                0x00010d38                gap_address_resolver_step
 .text.gap_resolver_start
                0x00010dcc       0x40 C:\Users\nicho\SimplicityStudio\v4_workspace\project-d\protocol\bluetooth\lib\EFR32BG1B\GCC\libbluetooth.a(gap_resolver.c.obj)
                0x00010dcc                gap_resolver_start
 .text.gap_status_set_scan_packet
                0x00010e0c       0x20 C:\Users\nicho\SimplicityStudio\v4_workspace\project-d\protocol\bluetooth\lib\EFR32BG1B\GCC\libbluetooth.a(gap_scan.c.obj)
                0x00010e0c                gap_status_set_scan_packet
 .text.gat_status_get_scan_packet
                0x00010e2c        0xc C:\Users\nicho\SimplicityStudio\v4_workspace\project-d\protocol\bluetooth\lib\EFR32BG1B\GCC\libbluetooth.a(gap_scan.c.obj)
                0x00010e2c                gat_status_get_scan_packet
 .text.gap_status_set_scan_response
                0x00010e38       0x20 C:\Users\nicho\SimplicityStudio\v4_workspace\project-d\protocol\bluetooth\lib\EFR32BG1B\GCC\libbluetooth.a(gap_scan.c.obj)
                0x00010e38                gap_status_set_scan_response
 .text.gat_status_get_scan_response
                0x00010e58        0xc C:\Users\nicho\SimplicityStudio\v4_workspace\project-d\protocol\bluetooth\lib\EFR32BG1B\GCC\libbluetooth.a(gap_scan.c.obj)
                0x00010e58                gat_status_get_scan_response
 .text.handle_scan_response_callback
                0x00010e64      0x190 C:\Users\nicho\SimplicityStudio\v4_workspace\project-d\protocol\bluetooth\lib\EFR32BG1B\GCC\libbluetooth.a(gap_scan.c.obj)
                0x00010e64                handle_scan_response_callback
 .text.gatt_init
                0x00010ff4        0xc C:\Users\nicho\SimplicityStudio\v4_workspace\project-d\protocol\bluetooth\lib\EFR32BG1B\GCC\libbluetooth.a(gatt.c.obj)
                0x00010ff4                gatt_init
 .text.gatt_init_connection
                0x00011000       0x50 C:\Users\nicho\SimplicityStudio\v4_workspace\project-d\protocol\bluetooth\lib\EFR32BG1B\GCC\libbluetooth.a(gatt.c.obj)
                0x00011000                gatt_init_connection
 .text.gatt_free_connection
                0x00011050       0x50 C:\Users\nicho\SimplicityStudio\v4_workspace\project-d\protocol\bluetooth\lib\EFR32BG1B\GCC\libbluetooth.a(gatt.c.obj)
                0x00011050                gatt_free_connection
 .text.send_gatt_mtu_exchanged_event
                0x000110a0       0x2a C:\Users\nicho\SimplicityStudio\v4_workspace\project-d\protocol\bluetooth\lib\EFR32BG1B\GCC\libbluetooth.a(gatt.c.obj)
                0x000110a0                send_gatt_mtu_exchanged_event
 .text.gatt_start_procedure_timeout_timer
                0x000110ca       0x16 C:\Users\nicho\SimplicityStudio\v4_workspace\project-d\protocol\bluetooth\lib\EFR32BG1B\GCC\libbluetooth.a(gatt.c.obj)
                0x000110ca                gatt_start_procedure_timeout_timer
 .text.gatt_stop_procedure_timeout_timer
                0x000110e0        0x6 C:\Users\nicho\SimplicityStudio\v4_workspace\project-d\protocol\bluetooth\lib\EFR32BG1B\GCC\libbluetooth.a(gatt.c.obj)
                0x000110e0                gatt_stop_procedure_timeout_timer
 .text.gatt_start_procedure
                0x000110e6       0x24 C:\Users\nicho\SimplicityStudio\v4_workspace\project-d\protocol\bluetooth\lib\EFR32BG1B\GCC\libbluetooth.a(gatt.c.obj)
                0x000110e6                gatt_start_procedure
 .text.gatt_procedure_timeout
                0x0001110a       0x2e C:\Users\nicho\SimplicityStudio\v4_workspace\project-d\protocol\bluetooth\lib\EFR32BG1B\GCC\libbluetooth.a(gatt.c.obj)
                0x0001110a                gatt_procedure_timeout
 .text.gatt_listener
                0x00011138       0x80 C:\Users\nicho\SimplicityStudio\v4_workspace\project-d\protocol\bluetooth\lib\EFR32BG1B\GCC\libbluetooth.a(gatt.c.obj)
 .text.gatt_get_connection
                0x000111b8        0xc C:\Users\nicho\SimplicityStudio\v4_workspace\project-d\protocol\bluetooth\lib\EFR32BG1B\GCC\libbluetooth.a(gatt.c.obj)
                0x000111b8                gatt_get_connection
 .text.gatt_get_next_connection
                0x000111c4       0x1a C:\Users\nicho\SimplicityStudio\v4_workspace\project-d\protocol\bluetooth\lib\EFR32BG1B\GCC\libbluetooth.a(gatt.c.obj)
                0x000111c4                gatt_get_next_connection
 .text.free_params_data
                0x000111de       0x16 C:\Users\nicho\SimplicityStudio\v4_workspace\project-d\protocol\bluetooth\lib\EFR32BG1B\GCC\libbluetooth.a(gatt_client.c.obj)
 .text.alloc_params_data
                0x000111f4       0x2c C:\Users\nicho\SimplicityStudio\v4_workspace\project-d\protocol\bluetooth\lib\EFR32BG1B\GCC\libbluetooth.a(gatt_client.c.obj)
 .text.should_start_long_read
                0x00011220       0x36 C:\Users\nicho\SimplicityStudio\v4_workspace\project-d\protocol\bluetooth\lib\EFR32BG1B\GCC\libbluetooth.a(gatt_client.c.obj)
 .text.send_service_event
                0x00011256       0x4a C:\Users\nicho\SimplicityStudio\v4_workspace\project-d\protocol\bluetooth\lib\EFR32BG1B\GCC\libbluetooth.a(gatt_client.c.obj)
 .text.send_descriptor_value_event
                0x000112a0       0x3c C:\Users\nicho\SimplicityStudio\v4_workspace\project-d\protocol\bluetooth\lib\EFR32BG1B\GCC\libbluetooth.a(gatt_client.c.obj)
 .text.end_procedure
                0x000112dc       0x3c C:\Users\nicho\SimplicityStudio\v4_workspace\project-d\protocol\bluetooth\lib\EFR32BG1B\GCC\libbluetooth.a(gatt_client.c.obj)
 .text.abort_long_write
                0x00011318       0x20 C:\Users\nicho\SimplicityStudio\v4_workspace\project-d\protocol\bluetooth\lib\EFR32BG1B\GCC\libbluetooth.a(gatt_client.c.obj)
 .text.send_characteristic_value_event
                0x00011338       0x72 C:\Users\nicho\SimplicityStudio\v4_workspace\project-d\protocol\bluetooth\lib\EFR32BG1B\GCC\libbluetooth.a(gatt_client.c.obj)
 .text.write_value
                0x000113aa       0x4a C:\Users\nicho\SimplicityStudio\v4_workspace\project-d\protocol\bluetooth\lib\EFR32BG1B\GCC\libbluetooth.a(gatt_client.c.obj)
 .text.gatt_find_included_services_handler
                0x000113f4       0xb0 C:\Users\nicho\SimplicityStudio\v4_workspace\project-d\protocol\bluetooth\lib\EFR32BG1B\GCC\libbluetooth.a(gatt_client.c.obj)
                0x000113f4                gatt_find_included_services_handler
 .text.gatt_handle_exchange_mtu_rsp
                0x000114a4       0x48 C:\Users\nicho\SimplicityStudio\v4_workspace\project-d\protocol\bluetooth\lib\EFR32BG1B\GCC\libbluetooth.a(gatt_client.c.obj)
                0x000114a4                gatt_handle_exchange_mtu_rsp
 .text.gatt_handle_find_information_response
                0x000114ec      0x152 C:\Users\nicho\SimplicityStudio\v4_workspace\project-d\protocol\bluetooth\lib\EFR32BG1B\GCC\libbluetooth.a(gatt_client.c.obj)
                0x000114ec                gatt_handle_find_information_response
 .text.gatt_handle_find_by_type_value_response
                0x0001163e       0xa0 C:\Users\nicho\SimplicityStudio\v4_workspace\project-d\protocol\bluetooth\lib\EFR32BG1B\GCC\libbluetooth.a(gatt_client.c.obj)
                0x0001163e                gatt_handle_find_by_type_value_response
 *fill*         0x000116de        0x2 
 .text.gatt_handle_read_response
                0x000116e0       0xe4 C:\Users\nicho\SimplicityStudio\v4_workspace\project-d\protocol\bluetooth\lib\EFR32BG1B\GCC\libbluetooth.a(gatt_client.c.obj)
                0x000116e0                gatt_handle_read_response
 .text.read_long_value_handler
                0x000117c4       0x72 C:\Users\nicho\SimplicityStudio\v4_workspace\project-d\protocol\bluetooth\lib\EFR32BG1B\GCC\libbluetooth.a(gatt_client.c.obj)
 .text.gatt_handle_read_blob_response
                0x00011836       0x36 C:\Users\nicho\SimplicityStudio\v4_workspace\project-d\protocol\bluetooth\lib\EFR32BG1B\GCC\libbluetooth.a(gatt_client.c.obj)
                0x00011836                gatt_handle_read_blob_response
 .text.gatt_handle_read_multiple_response
                0x0001186c       0x3c C:\Users\nicho\SimplicityStudio\v4_workspace\project-d\protocol\bluetooth\lib\EFR32BG1B\GCC\libbluetooth.a(gatt_client.c.obj)
                0x0001186c                gatt_handle_read_multiple_response
 .text.gatt_handle_read_by_type_response
                0x000118a8      0x148 C:\Users\nicho\SimplicityStudio\v4_workspace\project-d\protocol\bluetooth\lib\EFR32BG1B\GCC\libbluetooth.a(gatt_client.c.obj)
                0x000118a8                gatt_handle_read_by_type_response
 .text.gatt_handle_read_by_group_type_response
                0x000119f0       0xaa C:\Users\nicho\SimplicityStudio\v4_workspace\project-d\protocol\bluetooth\lib\EFR32BG1B\GCC\libbluetooth.a(gatt_client.c.obj)
                0x000119f0                gatt_handle_read_by_group_type_response
 .text.gatt_handle_write_response
                0x00011a9a       0x14 C:\Users\nicho\SimplicityStudio\v4_workspace\project-d\protocol\bluetooth\lib\EFR32BG1B\GCC\libbluetooth.a(gatt_client.c.obj)
                0x00011a9a                gatt_handle_write_response
 .text.gatt_handle_prepare_write_response
                0x00011aae       0xb6 C:\Users\nicho\SimplicityStudio\v4_workspace\project-d\protocol\bluetooth\lib\EFR32BG1B\GCC\libbluetooth.a(gatt_client.c.obj)
                0x00011aae                gatt_handle_prepare_write_response
 .text.gatt_handle_execute_write_response
                0x00011b64       0x3c C:\Users\nicho\SimplicityStudio\v4_workspace\project-d\protocol\bluetooth\lib\EFR32BG1B\GCC\libbluetooth.a(gatt_client.c.obj)
                0x00011b64                gatt_handle_execute_write_response
 .text.gatt_client_handle_value_notification
                0x00011ba0       0x12 C:\Users\nicho\SimplicityStudio\v4_workspace\project-d\protocol\bluetooth\lib\EFR32BG1B\GCC\libbluetooth.a(gatt_client.c.obj)
                0x00011ba0                gatt_client_handle_value_notification
 .text.gatt_client_handle_value_indication
                0x00011bb2       0x14 C:\Users\nicho\SimplicityStudio\v4_workspace\project-d\protocol\bluetooth\lib\EFR32BG1B\GCC\libbluetooth.a(gatt_client.c.obj)
                0x00011bb2                gatt_client_handle_value_indication
 *fill*         0x00011bc6        0x2 
 .text.gatt_client_init
                0x00011bc8        0xc C:\Users\nicho\SimplicityStudio\v4_workspace\project-d\protocol\bluetooth\lib\EFR32BG1B\GCC\libbluetooth.a(gatt_client.c.obj)
                0x00011bc8                gatt_client_init
 .text.get_att_uuid16
                0x00011bd4       0x24 C:\Users\nicho\SimplicityStudio\v4_workspace\project-d\protocol\bluetooth\lib\EFR32BG1B\GCC\libbluetooth.a(gatt_db_minimal.c.obj)
 .text.get_client_conf
                0x00011bf8       0x24 C:\Users\nicho\SimplicityStudio\v4_workspace\project-d\protocol\bluetooth\lib\EFR32BG1B\GCC\libbluetooth.a(gatt_db_minimal.c.obj)
 .text.gatt_db_set_db
                0x00011c1c       0x14 C:\Users\nicho\SimplicityStudio\v4_workspace\project-d\protocol\bluetooth\lib\EFR32BG1B\GCC\libbluetooth.a(gatt_db_minimal.c.obj)
                0x00011c1c                gatt_db_set_db
 .text.gatt_db_invalidate_hash
                0x00011c30       0x10 C:\Users\nicho\SimplicityStudio\v4_workspace\project-d\protocol\bluetooth\lib\EFR32BG1B\GCC\libbluetooth.a(gatt_db_minimal.c.obj)
                0x00011c30                gatt_db_invalidate_hash
 .text.gatt_db_set_client_features
                0x00011c40       0x1c C:\Users\nicho\SimplicityStudio\v4_workspace\project-d\protocol\bluetooth\lib\EFR32BG1B\GCC\libbluetooth.a(gatt_db_minimal.c.obj)
                0x00011c40                gatt_db_set_client_features
 .text.gatt_db_handle_inrange
                0x00011c5c       0x18 C:\Users\nicho\SimplicityStudio\v4_workspace\project-d\protocol\bluetooth\lib\EFR32BG1B\GCC\libbluetooth.a(gatt_db_minimal.c.obj)
                0x00011c5c                gatt_db_handle_inrange
 .text.gatt_db_handle_active
                0x00011c74       0x30 C:\Users\nicho\SimplicityStudio\v4_workspace\project-d\protocol\bluetooth\lib\EFR32BG1B\GCC\libbluetooth.a(gatt_db_minimal.c.obj)
                0x00011c74                gatt_db_handle_active
 .text.get_client_conf_index
                0x00011ca4       0x44 C:\Users\nicho\SimplicityStudio\v4_workspace\project-d\protocol\bluetooth\lib\EFR32BG1B\GCC\libbluetooth.a(gatt_db_minimal.c.obj)
 .text.gatt_db_get_char_properties
                0x00011ce8       0x44 C:\Users\nicho\SimplicityStudio\v4_workspace\project-d\protocol\bluetooth\lib\EFR32BG1B\GCC\libbluetooth.a(gatt_db_minimal.c.obj)
                0x00011ce8                gatt_db_get_char_properties
 .text.gatt_db_user_value
                0x00011d2c       0x1c C:\Users\nicho\SimplicityStudio\v4_workspace\project-d\protocol\bluetooth\lib\EFR32BG1B\GCC\libbluetooth.a(gatt_db_minimal.c.obj)
                0x00011d2c                gatt_db_user_value
 .text.gatt_db_load_client_conf
                0x00011d48       0x32 C:\Users\nicho\SimplicityStudio\v4_workspace\project-d\protocol\bluetooth\lib\EFR32BG1B\GCC\libbluetooth.a(gatt_db_minimal.c.obj)
                0x00011d48                gatt_db_load_client_conf
 *fill*         0x00011d7a        0x2 
 .text.gatt_db_get_client_conf
                0x00011d7c       0x68 C:\Users\nicho\SimplicityStudio\v4_workspace\project-d\protocol\bluetooth\lib\EFR32BG1B\GCC\libbluetooth.a(gatt_db_minimal.c.obj)
                0x00011d7c                gatt_db_get_client_conf
 .text.gatt_db_get_att_len
                0x00011de4       0x3c C:\Users\nicho\SimplicityStudio\v4_workspace\project-d\protocol\bluetooth\lib\EFR32BG1B\GCC\libbluetooth.a(gatt_db_minimal.c.obj)
                0x00011de4                gatt_db_get_att_len
 .text.gatt_db_check_permissions
                0x00011e20      0x124 C:\Users\nicho\SimplicityStudio\v4_workspace\project-d\protocol\bluetooth\lib\EFR32BG1B\GCC\libbluetooth.a(gatt_db_minimal.c.obj)
                0x00011e20                gatt_db_check_permissions
 .text.gatt_db_get_data
                0x00011f44       0xa0 C:\Users\nicho\SimplicityStudio\v4_workspace\project-d\protocol\bluetooth\lib\EFR32BG1B\GCC\libbluetooth.a(gatt_db_minimal.c.obj)
                0x00011f44                gatt_db_get_data
 .text.gatt_db_set_hash
                0x00011fe4      0x104 C:\Users\nicho\SimplicityStudio\v4_workspace\project-d\protocol\bluetooth\lib\EFR32BG1B\GCC\libbluetooth.a(gatt_db_minimal.c.obj)
                0x00011fe4                gatt_db_set_hash
 .text.gatt_db_find_attribute_by_type
                0x000120e8       0x38 C:\Users\nicho\SimplicityStudio\v4_workspace\project-d\protocol\bluetooth\lib\EFR32BG1B\GCC\libbluetooth.a(gatt_db_minimal.c.obj)
                0x000120e8                gatt_db_find_attribute_by_type
 .text.gatt_db_find_group_end
                0x00012120       0x48 C:\Users\nicho\SimplicityStudio\v4_workspace\project-d\protocol\bluetooth\lib\EFR32BG1B\GCC\libbluetooth.a(gatt_db_minimal.c.obj)
                0x00012120                gatt_db_find_group_end
 .text.gatt_db_find_by_type_value
                0x00012168       0x90 C:\Users\nicho\SimplicityStudio\v4_workspace\project-d\protocol\bluetooth\lib\EFR32BG1B\GCC\libbluetooth.a(gatt_db_minimal.c.obj)
                0x00012168                gatt_db_find_by_type_value
 .text.gatt_db_populate_adv_services
                0x000121f8      0x164 C:\Users\nicho\SimplicityStudio\v4_workspace\project-d\protocol\bluetooth\lib\EFR32BG1B\GCC\libbluetooth.a(gatt_db_minimal.c.obj)
                0x000121f8                gatt_db_populate_adv_services
 .text.gatt_db_get_attribute_type
                0x0001235c       0x34 C:\Users\nicho\SimplicityStudio\v4_workspace\project-d\protocol\bluetooth\lib\EFR32BG1B\GCC\libbluetooth.a(gatt_db_minimal.c.obj)
                0x0001235c                gatt_db_get_attribute_type
 .text.gatt_db_get_16bit_char_handle
                0x00012390       0x26 C:\Users\nicho\SimplicityStudio\v4_workspace\project-d\protocol\bluetooth\lib\EFR32BG1B\GCC\libbluetooth.a(gatt_db_minimal.c.obj)
                0x00012390                gatt_db_get_16bit_char_handle
 .text.set_client_conf.part.2
                0x000123b6       0x7e C:\Users\nicho\SimplicityStudio\v4_workspace\project-d\protocol\bluetooth\lib\EFR32BG1B\GCC\libbluetooth.a(gatt_db_minimal.c.obj)
 .text.gatt_db_set_data
                0x00012434      0x160 C:\Users\nicho\SimplicityStudio\v4_workspace\project-d\protocol\bluetooth\lib\EFR32BG1B\GCC\libbluetooth.a(gatt_db_minimal.c.obj)
                0x00012434                gatt_db_set_data
 .text.gatt_db_reset_client_conf
                0x00012594       0x50 C:\Users\nicho\SimplicityStudio\v4_workspace\project-d\protocol\bluetooth\lib\EFR32BG1B\GCC\libbluetooth.a(gatt_db_minimal.c.obj)
                0x00012594                gatt_db_reset_client_conf
 .text.send_user_read_request_event
                0x000125e4       0x32 C:\Users\nicho\SimplicityStudio\v4_workspace\project-d\protocol\bluetooth\lib\EFR32BG1B\GCC\libbluetooth.a(gatt_server.c.obj)
 .text.send_user_write_request_event
                0x00012616       0x3a C:\Users\nicho\SimplicityStudio\v4_workspace\project-d\protocol\bluetooth\lib\EFR32BG1B\GCC\libbluetooth.a(gatt_server.c.obj)
 .text.send_execute_write_completed_event
                0x00012650       0x2a C:\Users\nicho\SimplicityStudio\v4_workspace\project-d\protocol\bluetooth\lib\EFR32BG1B\GCC\libbluetooth.a(gatt_server.c.obj)
 .text.finish_read_req
                0x0001267a       0x96 C:\Users\nicho\SimplicityStudio\v4_workspace\project-d\protocol\bluetooth\lib\EFR32BG1B\GCC\libbluetooth.a(gatt_server.c.obj)
 .text.handle_read_req
                0x00012710       0xa4 C:\Users\nicho\SimplicityStudio\v4_workspace\project-d\protocol\bluetooth\lib\EFR32BG1B\GCC\libbluetooth.a(gatt_server.c.obj)
 .text.finish_execute_write_req
                0x000127b4       0xa8 C:\Users\nicho\SimplicityStudio\v4_workspace\project-d\protocol\bluetooth\lib\EFR32BG1B\GCC\libbluetooth.a(gatt_server.c.obj)
 .text.send_notification
                0x0001285c       0x7e C:\Users\nicho\SimplicityStudio\v4_workspace\project-d\protocol\bluetooth\lib\EFR32BG1B\GCC\libbluetooth.a(gatt_server.c.obj)
 .text.gatt_server_send_attribute_value_event
                0x000128da       0x3a C:\Users\nicho\SimplicityStudio\v4_workspace\project-d\protocol\bluetooth\lib\EFR32BG1B\GCC\libbluetooth.a(gatt_server.c.obj)
                0x000128da                gatt_server_send_attribute_value_event
 .text.gatt_server_send_characteristic_status_event
                0x00012914       0x32 C:\Users\nicho\SimplicityStudio\v4_workspace\project-d\protocol\bluetooth\lib\EFR32BG1B\GCC\libbluetooth.a(gatt_server.c.obj)
                0x00012914                gatt_server_send_characteristic_status_event
 *fill*         0x00012946        0x2 
 .text.gatt_server_handle_exchange_mtu_req
                0x00012948       0x3c C:\Users\nicho\SimplicityStudio\v4_workspace\project-d\protocol\bluetooth\lib\EFR32BG1B\GCC\libbluetooth.a(gatt_server.c.obj)
                0x00012948                gatt_server_handle_exchange_mtu_req
 .text.gatt_server_handle_read_by_group_type
                0x00012984      0x120 C:\Users\nicho\SimplicityStudio\v4_workspace\project-d\protocol\bluetooth\lib\EFR32BG1B\GCC\libbluetooth.a(gatt_server.c.obj)
                0x00012984                gatt_server_handle_read_by_group_type
 .text.gatt_server_handle_read_by_type
                0x00012aa4      0x184 C:\Users\nicho\SimplicityStudio\v4_workspace\project-d\protocol\bluetooth\lib\EFR32BG1B\GCC\libbluetooth.a(gatt_server.c.obj)
                0x00012aa4                gatt_server_handle_read_by_type
 .text.gatt_server_handle_find_information
                0x00012c28       0xe2 C:\Users\nicho\SimplicityStudio\v4_workspace\project-d\protocol\bluetooth\lib\EFR32BG1B\GCC\libbluetooth.a(gatt_server.c.obj)
                0x00012c28                gatt_server_handle_find_information
 .text.gatt_server_handle_find_by_type_value_req
                0x00012d0a       0xc8 C:\Users\nicho\SimplicityStudio\v4_workspace\project-d\protocol\bluetooth\lib\EFR32BG1B\GCC\libbluetooth.a(gatt_server.c.obj)
                0x00012d0a                gatt_server_handle_find_by_type_value_req
 .text.gatt_server_handle_read_req
                0x00012dd2        0xc C:\Users\nicho\SimplicityStudio\v4_workspace\project-d\protocol\bluetooth\lib\EFR32BG1B\GCC\libbluetooth.a(gatt_server.c.obj)
                0x00012dd2                gatt_server_handle_read_req
 .text.gatt_server_handle_read_blob_req
                0x00012dde        0xa C:\Users\nicho\SimplicityStudio\v4_workspace\project-d\protocol\bluetooth\lib\EFR32BG1B\GCC\libbluetooth.a(gatt_server.c.obj)
                0x00012dde                gatt_server_handle_read_blob_req
 .text.gatt_server_handle_read_multiple_req
                0x00012de8       0xee C:\Users\nicho\SimplicityStudio\v4_workspace\project-d\protocol\bluetooth\lib\EFR32BG1B\GCC\libbluetooth.a(gatt_server.c.obj)
                0x00012de8                gatt_server_handle_read_multiple_req
 .text.gatt_server_handle_write_req
                0x00012ed6       0x96 C:\Users\nicho\SimplicityStudio\v4_workspace\project-d\protocol\bluetooth\lib\EFR32BG1B\GCC\libbluetooth.a(gatt_server.c.obj)
                0x00012ed6                gatt_server_handle_write_req
 .text.gatt_server_handle_write_cmd
                0x00012f6c       0x84 C:\Users\nicho\SimplicityStudio\v4_workspace\project-d\protocol\bluetooth\lib\EFR32BG1B\GCC\libbluetooth.a(gatt_server.c.obj)
                0x00012f6c                gatt_server_handle_write_cmd
 .text.gatt_server_handle_prepare_write_req
                0x00012ff0       0xa4 C:\Users\nicho\SimplicityStudio\v4_workspace\project-d\protocol\bluetooth\lib\EFR32BG1B\GCC\libbluetooth.a(gatt_server.c.obj)
                0x00012ff0                gatt_server_handle_prepare_write_req
 .text.gatt_server_handle_execute_write_req
                0x00013094       0x28 C:\Users\nicho\SimplicityStudio\v4_workspace\project-d\protocol\bluetooth\lib\EFR32BG1B\GCC\libbluetooth.a(gatt_server.c.obj)
                0x00013094                gatt_server_handle_execute_write_req
 .text.gatt_server_handle_value_cfm
                0x000130bc       0x48 C:\Users\nicho\SimplicityStudio\v4_workspace\project-d\protocol\bluetooth\lib\EFR32BG1B\GCC\libbluetooth.a(gatt_server.c.obj)
                0x000130bc                gatt_server_handle_value_cfm
 .text.gatt_server_send_user_write_response
                0x00013104       0x7c C:\Users\nicho\SimplicityStudio\v4_workspace\project-d\protocol\bluetooth\lib\EFR32BG1B\GCC\libbluetooth.a(gatt_server.c.obj)
                0x00013104                gatt_server_send_user_write_response
 .text.gatt_server_report_gattdb_change
                0x00013180       0x5c C:\Users\nicho\SimplicityStudio\v4_workspace\project-d\protocol\bluetooth\lib\EFR32BG1B\GCC\libbluetooth.a(gatt_server.c.obj)
                0x00013180                gatt_server_report_gattdb_change
 .text.gatt_server_report_client_config
                0x000131dc       0xa8 C:\Users\nicho\SimplicityStudio\v4_workspace\project-d\protocol\bluetooth\lib\EFR32BG1B\GCC\libbluetooth.a(gatt_server.c.obj)
                0x000131dc                gatt_server_report_client_config
 .text.handle_database_changed.part.3
                0x00013284       0x70 C:\Users\nicho\SimplicityStudio\v4_workspace\project-d\protocol\bluetooth\lib\EFR32BG1B\GCC\libbluetooth.a(gatt_server.c.obj)
 .text.gatt_server_handle_att
                0x000132f4      0x262 C:\Users\nicho\SimplicityStudio\v4_workspace\project-d\protocol\bluetooth\lib\EFR32BG1B\GCC\libbluetooth.a(gatt_server.c.obj)
                0x000132f4                gatt_server_handle_att
 .text.gatt_set_gattdb
                0x00013556       0x34 C:\Users\nicho\SimplicityStudio\v4_workspace\project-d\protocol\bluetooth\lib\EFR32BG1B\GCC\libbluetooth.a(gatt_server.c.obj)
                0x00013556                gatt_set_gattdb
 .text.gatt_server_enter_att_handling
                0x0001358a        0xa C:\Users\nicho\SimplicityStudio\v4_workspace\project-d\protocol\bluetooth\lib\EFR32BG1B\GCC\libbluetooth.a(gatt_server.c.obj)
                0x0001358a                gatt_server_enter_att_handling
 .text.gatt_server_leave_att_handling
                0x00013594        0xa C:\Users\nicho\SimplicityStudio\v4_workspace\project-d\protocol\bluetooth\lib\EFR32BG1B\GCC\libbluetooth.a(gatt_server.c.obj)
                0x00013594                gatt_server_leave_att_handling
 .text.gatt_server_att_handling
                0x0001359e        0x8 C:\Users\nicho\SimplicityStudio\v4_workspace\project-d\protocol\bluetooth\lib\EFR32BG1B\GCC\libbluetooth.a(gatt_server.c.obj)
                0x0001359e                gatt_server_att_handling
 .text.gecko_bgapi_class_dfu_init
                0x000135a6       0x12 C:\Users\nicho\SimplicityStudio\v4_workspace\project-d\protocol\bluetooth\lib\EFR32BG1B\GCC\libbluetooth.a(gecko_bgapi_dfu.c.obj)
                0x000135a6                gecko_bgapi_class_dfu_init
 .text.gecko_bgapi_class_endpoint_init
                0x000135b8       0x12 C:\Users\nicho\SimplicityStudio\v4_workspace\project-d\protocol\bluetooth\lib\EFR32BG1B\GCC\libbluetooth.a(gecko_bgapi_endpoint.c.obj)
                0x000135b8                gecko_bgapi_class_endpoint_init
 .text.gecko_bgapi_class_flash_init
                0x000135ca       0x12 C:\Users\nicho\SimplicityStudio\v4_workspace\project-d\protocol\bluetooth\lib\EFR32BG1B\GCC\libbluetooth.a(gecko_bgapi_flash.c.obj)
                0x000135ca                gecko_bgapi_class_flash_init
 .text.gecko_bgapi_class_le_gap_init
                0x000135dc       0x12 C:\Users\nicho\SimplicityStudio\v4_workspace\project-d\protocol\bluetooth\lib\EFR32BG1B\GCC\libbluetooth.a(gecko_bgapi_gap.c.obj)
                0x000135dc                gecko_bgapi_class_le_gap_init
 .text.gecko_bgapi_class_gatt_init
                0x000135ee       0x12 C:\Users\nicho\SimplicityStudio\v4_workspace\project-d\protocol\bluetooth\lib\EFR32BG1B\GCC\libbluetooth.a(gecko_bgapi_gatt.c.obj)
                0x000135ee                gecko_bgapi_class_gatt_init
 .text.gecko_bgapi_class_gatt_server_init
                0x00013600       0x12 C:\Users\nicho\SimplicityStudio\v4_workspace\project-d\protocol\bluetooth\lib\EFR32BG1B\GCC\libbluetooth.a(gecko_bgapi_gatt_server.c.obj)
                0x00013600                gecko_bgapi_class_gatt_server_init
 .text.gecko_bgapi_class_hardware_init
                0x00013612       0x12 C:\Users\nicho\SimplicityStudio\v4_workspace\project-d\protocol\bluetooth\lib\EFR32BG1B\GCC\libbluetooth.a(gecko_bgapi_hardware.c.obj)
                0x00013612                gecko_bgapi_class_hardware_init
 .text.gecko_bgapi_class_le_connection_init
                0x00013624       0x12 C:\Users\nicho\SimplicityStudio\v4_workspace\project-d\protocol\bluetooth\lib\EFR32BG1B\GCC\libbluetooth.a(gecko_bgapi_le_connection.c.obj)
                0x00013624                gecko_bgapi_class_le_connection_init
 .text.gecko_bgapi_class_sm_init
                0x00013636       0x12 C:\Users\nicho\SimplicityStudio\v4_workspace\project-d\protocol\bluetooth\lib\EFR32BG1B\GCC\libbluetooth.a(gecko_bgapi_sm.c.obj)
                0x00013636                gecko_bgapi_class_sm_init
 .text.gecko_bgapi_class_system_init
                0x00013648       0x12 C:\Users\nicho\SimplicityStudio\v4_workspace\project-d\protocol\bluetooth\lib\EFR32BG1B\GCC\libbluetooth.a(gecko_bgapi_system.c.obj)
                0x00013648                gecko_bgapi_class_system_init
 .text.gecko_bgapi_class_test_init
                0x0001365a       0x12 C:\Users\nicho\SimplicityStudio\v4_workspace\project-d\protocol\bluetooth\lib\EFR32BG1B\GCC\libbluetooth.a(gecko_bgapi_test.c.obj)
                0x0001365a                gecko_bgapi_class_test_init
 .text.handle_bgapi_output
                0x0001366c       0x74 C:\Users\nicho\SimplicityStudio\v4_workspace\project-d\protocol\bluetooth\lib\EFR32BG1B\GCC\libbluetooth.a(gecko_endpoints.c.obj)
 .text.gecko_release_evt
                0x000136e0       0x14 C:\Users\nicho\SimplicityStudio\v4_workspace\project-d\protocol\bluetooth\lib\EFR32BG1B\GCC\libbluetooth.a(gecko_endpoints.c.obj)
                0x000136e0                gecko_release_evt
 .text.gecko_get_evt
                0x000136f4       0x10 C:\Users\nicho\SimplicityStudio\v4_workspace\project-d\protocol\bluetooth\lib\EFR32BG1B\GCC\libbluetooth.a(gecko_endpoints.c.obj)
                0x000136f4                gecko_get_evt
 .text.gecko_register_bgapi_library
                0x00013704       0x38 C:\Users\nicho\SimplicityStudio\v4_workspace\project-d\protocol\bluetooth\lib\EFR32BG1B\GCC\libbluetooth.a(gecko_endpoints.c.obj)
                0x00013704                gecko_register_bgapi_library
 .text.gecko_handle_library_packet
                0x0001373c       0x10 C:\Users\nicho\SimplicityStudio\v4_workspace\project-d\protocol\bluetooth\lib\EFR32BG1B\GCC\libbluetooth.a(gecko_endpoints.c.obj)
                0x0001373c                gecko_handle_library_packet
 .text.sli_bt_cmd_handler_delegate
                0x0001374c       0x7c C:\Users\nicho\SimplicityStudio\v4_workspace\project-d\protocol\bluetooth\lib\EFR32BG1B\GCC\libbluetooth.a(gecko_endpoints.c.obj)
                0x0001374c                sli_bt_cmd_handler_delegate
 .text.hci_increase_token
                0x000137c8       0x12 C:\Users\nicho\SimplicityStudio\v4_workspace\project-d\protocol\bluetooth\lib\EFR32BG1B\GCC\libbluetooth.a(hci.c.obj)
 *fill*         0x000137da        0x2 
 .text.hci_init
                0x000137dc       0x1c C:\Users\nicho\SimplicityStudio\v4_workspace\project-d\protocol\bluetooth\lib\EFR32BG1B\GCC\libbluetooth.a(hci.c.obj)
                0x000137dc                hci_init
 .text.hci_command_status_handle
                0x000137f8       0x40 C:\Users\nicho\SimplicityStudio\v4_workspace\project-d\protocol\bluetooth\lib\EFR32BG1B\GCC\libbluetooth.a(hci.c.obj)
                0x000137f8                hci_command_status_handle
 .text.hci_command_complete_handle
                0x00013838      0x148 C:\Users\nicho\SimplicityStudio\v4_workspace\project-d\protocol\bluetooth\lib\EFR32BG1B\GCC\libbluetooth.a(hci.c.obj)
                0x00013838                hci_command_complete_handle
 .text.handle_extended_advertising_report
                0x00013980      0x100 C:\Users\nicho\SimplicityStudio\v4_workspace\project-d\protocol\bluetooth\lib\EFR32BG1B\GCC\libbluetooth.a(hci.c.obj)
                0x00013980                handle_extended_advertising_report
 .text.hci_inject_acl
                0x00013a80        0xc C:\Users\nicho\SimplicityStudio\v4_workspace\project-d\protocol\bluetooth\lib\EFR32BG1B\GCC\libbluetooth.a(hci.c.obj)
                0x00013a80                hci_inject_acl
 .text.hci_packets_waiting
                0x00013a8c       0x18 C:\Users\nicho\SimplicityStudio\v4_workspace\project-d\protocol\bluetooth\lib\EFR32BG1B\GCC\libbluetooth.a(hci.c.obj)
                0x00013a8c                hci_packets_waiting
 .text.hci_get_acl_packet
                0x00013aa4       0x14 C:\Users\nicho\SimplicityStudio\v4_workspace\project-d\protocol\bluetooth\lib\EFR32BG1B\GCC\libbluetooth.a(hci.c.obj)
                0x00013aa4                hci_get_acl_packet
 .text.hci_send_command
                0x00013ab8       0x12 C:\Users\nicho\SimplicityStudio\v4_workspace\project-d\protocol\bluetooth\lib\EFR32BG1B\GCC\libbluetooth.a(hci.c.obj)
                0x00013ab8                hci_send_command
 .text.hci_read_bdaddr
                0x00013aca       0x1c C:\Users\nicho\SimplicityStudio\v4_workspace\project-d\protocol\bluetooth\lib\EFR32BG1B\GCC\libbluetooth.a(hci.c.obj)
                0x00013aca                hci_read_bdaddr
 *fill*         0x00013ae6        0x2 
 .text.hci_state_listener
                0x00013ae8       0x14 C:\Users\nicho\SimplicityStudio\v4_workspace\project-d\protocol\bluetooth\lib\EFR32BG1B\GCC\libbluetooth.a(hci.c.obj)
                0x00013ae8                hci_state_listener
 .text.hci_set_state
                0x00013afc       0x1c C:\Users\nicho\SimplicityStudio\v4_workspace\project-d\protocol\bluetooth\lib\EFR32BG1B\GCC\libbluetooth.a(hci.c.obj)
                0x00013afc                hci_set_state
 .text.hci_state_listener_init
                0x00013b18       0x10 C:\Users\nicho\SimplicityStudio\v4_workspace\project-d\protocol\bluetooth\lib\EFR32BG1B\GCC\libbluetooth.a(hci.c.obj)
                0x00013b18                hci_state_listener_init
 .text.hci_state_listener_init_default_data_length
                0x00013b28       0x6c C:\Users\nicho\SimplicityStudio\v4_workspace\project-d\protocol\bluetooth\lib\EFR32BG1B\GCC\libbluetooth.a(hci.c.obj)
                0x00013b28                hci_state_listener_init_default_data_length
 .text.hci_run  0x00013b94        0x6 C:\Users\nicho\SimplicityStudio\v4_workspace\project-d\protocol\bluetooth\lib\EFR32BG1B\GCC\libbluetooth.a(hci.c.obj)
                0x00013b94                hci_run
 .text.hci_start
                0x00013b9a        0x6 C:\Users\nicho\SimplicityStudio\v4_workspace\project-d\protocol\bluetooth\lib\EFR32BG1B\GCC\libbluetooth.a(hci.c.obj)
                0x00013b9a                hci_start
 .text.hci_cleanup_acl
                0x00013ba0       0x28 C:\Users\nicho\SimplicityStudio\v4_workspace\project-d\protocol\bluetooth\lib\EFR32BG1B\GCC\libbluetooth.a(hci.c.obj)
                0x00013ba0                hci_cleanup_acl
 .text.hci_send_acl
                0x00013bc8       0xac C:\Users\nicho\SimplicityStudio\v4_workspace\project-d\protocol\bluetooth\lib\EFR32BG1B\GCC\libbluetooth.a(hci.c.obj)
                0x00013bc8                hci_send_acl
 .text.hci_le_set_random_address
                0x00013c74       0x2c C:\Users\nicho\SimplicityStudio\v4_workspace\project-d\protocol\bluetooth\lib\EFR32BG1B\GCC\libbluetooth.a(hci.c.obj)
                0x00013c74                hci_le_set_random_address
 .text.hci_le_set_extended_advertising_parameters
                0x00013ca0       0x98 C:\Users\nicho\SimplicityStudio\v4_workspace\project-d\protocol\bluetooth\lib\EFR32BG1B\GCC\libbluetooth.a(hci.c.obj)
                0x00013ca0                hci_le_set_extended_advertising_parameters
 .text.hci_le_set_advertising_set_random_address
                0x00013d38       0x38 C:\Users\nicho\SimplicityStudio\v4_workspace\project-d\protocol\bluetooth\lib\EFR32BG1B\GCC\libbluetooth.a(hci.c.obj)
                0x00013d38                hci_le_set_advertising_set_random_address
 .text.hci_le_set_extended_advertising_data
                0x00013d70       0x34 C:\Users\nicho\SimplicityStudio\v4_workspace\project-d\protocol\bluetooth\lib\EFR32BG1B\GCC\libbluetooth.a(hci.c.obj)
                0x00013d70                hci_le_set_extended_advertising_data
 .text.hci_le_set_extended_scan_response_data
                0x00013da4       0x34 C:\Users\nicho\SimplicityStudio\v4_workspace\project-d\protocol\bluetooth\lib\EFR32BG1B\GCC\libbluetooth.a(hci.c.obj)
                0x00013da4                hci_le_set_extended_scan_response_data
 .text.hci_le_set_extended_advertising_enable
                0x00013dd8       0x44 C:\Users\nicho\SimplicityStudio\v4_workspace\project-d\protocol\bluetooth\lib\EFR32BG1B\GCC\libbluetooth.a(hci.c.obj)
                0x00013dd8                hci_le_set_extended_advertising_enable
 .text.hci_le_set_extended_scan_parameters
                0x00013e1c       0x4c C:\Users\nicho\SimplicityStudio\v4_workspace\project-d\protocol\bluetooth\lib\EFR32BG1B\GCC\libbluetooth.a(hci.c.obj)
                0x00013e1c                hci_le_set_extended_scan_parameters
 .text.hci_le_set_ext_scan_enable
                0x00013e68       0x34 C:\Users\nicho\SimplicityStudio\v4_workspace\project-d\protocol\bluetooth\lib\EFR32BG1B\GCC\libbluetooth.a(hci.c.obj)
                0x00013e68                hci_le_set_ext_scan_enable
 .text.hci_le_create_connection_cancel
                0x00013e9c       0x14 C:\Users\nicho\SimplicityStudio\v4_workspace\project-d\protocol\bluetooth\lib\EFR32BG1B\GCC\libbluetooth.a(hci.c.obj)
                0x00013e9c                hci_le_create_connection_cancel
 .text.hci_close_acl
                0x00013eb0       0x42 C:\Users\nicho\SimplicityStudio\v4_workspace\project-d\protocol\bluetooth\lib\EFR32BG1B\GCC\libbluetooth.a(hci.c.obj)
                0x00013eb0                hci_close_acl
 *fill*         0x00013ef2        0x2 
 .text.hci_le_connection_update
                0x00013ef4       0x58 C:\Users\nicho\SimplicityStudio\v4_workspace\project-d\protocol\bluetooth\lib\EFR32BG1B\GCC\libbluetooth.a(hci.c.obj)
                0x00013ef4                hci_le_connection_update
 .text.hci_le_start_encryption
                0x00013f4c       0x50 C:\Users\nicho\SimplicityStudio\v4_workspace\project-d\protocol\bluetooth\lib\EFR32BG1B\GCC\libbluetooth.a(hci.c.obj)
                0x00013f4c                hci_le_start_encryption
 .text.hci_le_ltk_reply
                0x00013f9c       0x4c C:\Users\nicho\SimplicityStudio\v4_workspace\project-d\protocol\bluetooth\lib\EFR32BG1B\GCC\libbluetooth.a(hci.c.obj)
                0x00013f9c                hci_le_ltk_reply
 .text.hci_le_remote_connection_parameter_request_reply
                0x00013fe8       0x58 C:\Users\nicho\SimplicityStudio\v4_workspace\project-d\protocol\bluetooth\lib\EFR32BG1B\GCC\libbluetooth.a(hci.c.obj)
                0x00013fe8                hci_le_remote_connection_parameter_request_reply
 .text.hci_event_handle
                0x00014040      0x26a C:\Users\nicho\SimplicityStudio\v4_workspace\project-d\protocol\bluetooth\lib\EFR32BG1B\GCC\libbluetooth.a(hci.c.obj)
                0x00014040                hci_event_handle
 .text.hci_get_and_handle
                0x000142aa       0x20 C:\Users\nicho\SimplicityStudio\v4_workspace\project-d\protocol\bluetooth\lib\EFR32BG1B\GCC\libbluetooth.a(hci.c.obj)
                0x000142aa                hci_get_and_handle
 *fill*         0x000142ca        0x2 
 .text.hci_state_listener_idle
                0x000142cc       0x1c C:\Users\nicho\SimplicityStudio\v4_workspace\project-d\protocol\bluetooth\lib\EFR32BG1B\GCC\libbluetooth.a(hci.c.obj)
                0x000142cc                hci_state_listener_idle
 .text.hci_read_conn_phy
                0x000142e8       0x24 C:\Users\nicho\SimplicityStudio\v4_workspace\project-d\protocol\bluetooth\lib\EFR32BG1B\GCC\libbluetooth.a(hci.c.obj)
                0x000142e8                hci_read_conn_phy
 .text.cmd2bgbuf
                0x0001430c        0x4 C:\Users\nicho\SimplicityStudio\v4_workspace\project-d\protocol\bluetooth\lib\EFR32BG1B\GCC\libbluetooth.a(hci_pck.c.obj)
                0x0001430c                cmd2bgbuf
 .text.hci_command_alloc
                0x00014310       0x2e C:\Users\nicho\SimplicityStudio\v4_workspace\project-d\protocol\bluetooth\lib\EFR32BG1B\GCC\libbluetooth.a(hci_pck.c.obj)
                0x00014310                hci_command_alloc
 .text.hci_command_init_shared
                0x0001433e       0x26 C:\Users\nicho\SimplicityStudio\v4_workspace\project-d\protocol\bluetooth\lib\EFR32BG1B\GCC\libbluetooth.a(hci_pck.c.obj)
                0x0001433e                hci_command_init_shared
 .text.hci_command_shared_response
                0x00014364       0x14 C:\Users\nicho\SimplicityStudio\v4_workspace\project-d\protocol\bluetooth\lib\EFR32BG1B\GCC\libbluetooth.a(hci_pck.c.obj)
                0x00014364                hci_command_shared_response
 .text.hci_command_init_shared_bgbuf
                0x00014378       0x5a C:\Users\nicho\SimplicityStudio\v4_workspace\project-d\protocol\bluetooth\lib\EFR32BG1B\GCC\libbluetooth.a(hci_pck.c.obj)
                0x00014378                hci_command_init_shared_bgbuf
 *fill*         0x000143d2        0x2 
 .text.hci_get_output_acl
                0x000143d4        0xc C:\Users\nicho\SimplicityStudio\v4_workspace\project-d\protocol\bluetooth\lib\EFR32BG1B\GCC\libbluetooth.a(hci_pck.c.obj)
                0x000143d4                hci_get_output_acl
 .text.hci_get_event
                0x000143e0        0xc C:\Users\nicho\SimplicityStudio\v4_workspace\project-d\protocol\bluetooth\lib\EFR32BG1B\GCC\libbluetooth.a(hci_pck.c.obj)
                0x000143e0                hci_get_event
 .text.hci_inject_event
                0x000143ec        0xc C:\Users\nicho\SimplicityStudio\v4_workspace\project-d\protocol\bluetooth\lib\EFR32BG1B\GCC\libbluetooth.a(hci_pck.c.obj)
                0x000143ec                hci_inject_event
 .text.bg_pre_sleep
                0x000143f8        0x2 C:\Users\nicho\SimplicityStudio\v4_workspace\project-d\protocol\bluetooth\lib\EFR32BG1B\GCC\libbluetooth.a(init.c.obj)
                0x000143f8                bg_pre_sleep
 .text.bg_post_wakeup
                0x000143fa        0x2 C:\Users\nicho\SimplicityStudio\v4_workspace\project-d\protocol\bluetooth\lib\EFR32BG1B\GCC\libbluetooth.a(init.c.obj)
                0x000143fa                bg_post_wakeup
 .text.bg_radio_init
                0x000143fc       0xd8 C:\Users\nicho\SimplicityStudio\v4_workspace\project-d\protocol\bluetooth\lib\EFR32BG1B\GCC\libbluetooth.a(init.c.obj)
                0x000143fc                bg_radio_init
 .text.bg_low_init
                0x000144d4       0x20 C:\Users\nicho\SimplicityStudio\v4_workspace\project-d\protocol\bluetooth\lib\EFR32BG1B\GCC\libbluetooth.a(init.c.obj)
                0x000144d4                bg_low_init
 .text.irq_init
                0x000144f4       0x78 C:\Users\nicho\SimplicityStudio\v4_workspace\project-d\protocol\bluetooth\lib\EFR32BG1B\GCC\libbluetooth.a(irq.c.obj)
                0x000144f4                irq_init
 .text.l2cap_send_update_parameters_response
                0x0001456c       0x48 C:\Users\nicho\SimplicityStudio\v4_workspace\project-d\protocol\bluetooth\lib\EFR32BG1B\GCC\libbluetooth.a(l2cap.c.obj)
 .text.l2cap_message_handler
                0x000145b4       0x34 C:\Users\nicho\SimplicityStudio\v4_workspace\project-d\protocol\bluetooth\lib\EFR32BG1B\GCC\libbluetooth.a(l2cap.c.obj)
                0x000145b4                l2cap_message_handler
 .text.l2cap_send_command_reject.constprop.1
                0x000145e8       0x48 C:\Users\nicho\SimplicityStudio\v4_workspace\project-d\protocol\bluetooth\lib\EFR32BG1B\GCC\libbluetooth.a(l2cap.c.obj)
 .text.l2cap_init
                0x00014630       0x20 C:\Users\nicho\SimplicityStudio\v4_workspace\project-d\protocol\bluetooth\lib\EFR32BG1B\GCC\libbluetooth.a(l2cap.c.obj)
                0x00014630                l2cap_init
 .text.l2cap_send_fixed_channel
                0x00014650       0x40 C:\Users\nicho\SimplicityStudio\v4_workspace\project-d\protocol\bluetooth\lib\EFR32BG1B\GCC\libbluetooth.a(l2cap.c.obj)
                0x00014650                l2cap_send_fixed_channel
 .text.acl_packet_handle
                0x00014690      0x150 C:\Users\nicho\SimplicityStudio\v4_workspace\project-d\protocol\bluetooth\lib\EFR32BG1B\GCC\libbluetooth.a(l2cap.c.obj)
                0x00014690                acl_packet_handle
 .text.ll_hciSetCommandCompleteHeader
                0x000147e0       0x22 C:\Users\nicho\SimplicityStudio\v4_workspace\project-d\protocol\bluetooth\lib\EFR32BG1B\GCC\libbluetooth.a(ll_hci.c.obj)
                0x000147e0                ll_hciSetCommandCompleteHeader
 .text.ll_hciSetMetaEventHeader
                0x00014802       0x1a C:\Users\nicho\SimplicityStudio\v4_workspace\project-d\protocol\bluetooth\lib\EFR32BG1B\GCC\libbluetooth.a(ll_hci.c.obj)
                0x00014802                ll_hciSetMetaEventHeader
 .text.ll_hciSetCommandStatusHeader
                0x0001481c       0x22 C:\Users\nicho\SimplicityStudio\v4_workspace\project-d\protocol\bluetooth\lib\EFR32BG1B\GCC\libbluetooth.a(ll_hci.c.obj)
                0x0001481c                ll_hciSetCommandStatusHeader
 .text.ll_hciSendHCIEvent
                0x0001483e        0xc C:\Users\nicho\SimplicityStudio\v4_workspace\project-d\protocol\bluetooth\lib\EFR32BG1B\GCC\libbluetooth.a(ll_hci.c.obj)
                0x0001483e                ll_hciSendHCIEvent
 .text.ll_hciSendGenericCommandComplete
                0x0001484a       0x10 C:\Users\nicho\SimplicityStudio\v4_workspace\project-d\protocol\bluetooth\lib\EFR32BG1B\GCC\libbluetooth.a(ll_hci.c.obj)
                0x0001484a                ll_hciSendGenericCommandComplete
 *fill*         0x0001485a        0x2 
 .text.ll_hciInit
                0x0001485c       0x34 C:\Users\nicho\SimplicityStudio\v4_workspace\project-d\protocol\bluetooth\lib\EFR32BG1B\GCC\libbluetooth.a(ll_hci.c.obj)
                0x0001485c                ll_hciInit
 .text.ll_hciGetSharedCommand
                0x00014890        0xc C:\Users\nicho\SimplicityStudio\v4_workspace\project-d\protocol\bluetooth\lib\EFR32BG1B\GCC\libbluetooth.a(ll_hci.c.obj)
                0x00014890                ll_hciGetSharedCommand
 .text.ll_hciGetSharedResponse
                0x0001489c        0xc C:\Users\nicho\SimplicityStudio\v4_workspace\project-d\protocol\bluetooth\lib\EFR32BG1B\GCC\libbluetooth.a(ll_hci.c.obj)
                0x0001489c                ll_hciGetSharedResponse
 .text.ll_hciCall
                0x000148a8       0x20 C:\Users\nicho\SimplicityStudio\v4_workspace\project-d\protocol\bluetooth\lib\EFR32BG1B\GCC\libbluetooth.a(ll_hci.c.obj)
                0x000148a8                ll_hciCall
 .text.BTLE_HCIToLLCmdSAP
                0x000148c8       0x30 C:\Users\nicho\SimplicityStudio\v4_workspace\project-d\protocol\bluetooth\lib\EFR32BG1B\GCC\libbluetooth.a(ll_hci.c.obj)
                0x000148c8                BTLE_HCIToLLCmdSAP
 .text.BTLE_HCIToLLDataSAP
                0x000148f8       0x44 C:\Users\nicho\SimplicityStudio\v4_workspace\project-d\protocol\bluetooth\lib\EFR32BG1B\GCC\libbluetooth.a(ll_hci.c.obj)
                0x000148f8                BTLE_HCIToLLDataSAP
 .text.ll_hciHandleCommandAddr
                0x0001493c        0x4 C:\Users\nicho\SimplicityStudio\v4_workspace\project-d\protocol\bluetooth\lib\EFR32BG1B\GCC\libbluetooth.a(ll_hci.c.obj)
                0x0001493c                ll_hciHandleCommandAddr
 .text.ll_hciHandleCommandDebug
                0x00014940        0x4 C:\Users\nicho\SimplicityStudio\v4_workspace\project-d\protocol\bluetooth\lib\EFR32BG1B\GCC\libbluetooth.a(ll_hci.c.obj)
                0x00014940                ll_hciHandleCommandDebug
 .text.ll_hciHandleDisconnect
                0x00014944       0x46 C:\Users\nicho\SimplicityStudio\v4_workspace\project-d\protocol\bluetooth\lib\EFR32BG1B\GCC\libbluetooth.a(ll_hci.c.obj)
                0x00014944                ll_hciHandleDisconnect
 .text.ll_hciHandleUnknown
                0x0001498a        0xc C:\Users\nicho\SimplicityStudio\v4_workspace\project-d\protocol\bluetooth\lib\EFR32BG1B\GCC\libbluetooth.a(ll_hci.c.obj)
                0x0001498a                ll_hciHandleUnknown
 .text.ll_hciHandleReset
                0x00014996       0x18 C:\Users\nicho\SimplicityStudio\v4_workspace\project-d\protocol\bluetooth\lib\EFR32BG1B\GCC\libbluetooth.a(ll_hci.c.obj)
                0x00014996                ll_hciHandleReset
 *fill*         0x000149ae        0x2 
 .text.ll_hciHandleReadBDADDR
                0x000149b0       0x2c C:\Users\nicho\SimplicityStudio\v4_workspace\project-d\protocol\bluetooth\lib\EFR32BG1B\GCC\libbluetooth.a(ll_hci.c.obj)
                0x000149b0                ll_hciHandleReadBDADDR
 .text.ll_hciHandleSetHostChannelClassification
                0x000149dc       0x3e C:\Users\nicho\SimplicityStudio\v4_workspace\project-d\protocol\bluetooth\lib\EFR32BG1B\GCC\libbluetooth.a(ll_hci.c.obj)
                0x000149dc                ll_hciHandleSetHostChannelClassification
 .text.ll_hciHandleLeWriteRfPathCompensation
                0x00014a1a       0x26 C:\Users\nicho\SimplicityStudio\v4_workspace\project-d\protocol\bluetooth\lib\EFR32BG1B\GCC\libbluetooth.a(ll_hci.c.obj)
                0x00014a1a                ll_hciHandleLeWriteRfPathCompensation
 .text.ll_hciHandleLeStartEncryption
                0x00014a40       0x50 C:\Users\nicho\SimplicityStudio\v4_workspace\project-d\protocol\bluetooth\lib\EFR32BG1B\GCC\libbluetooth.a(ll_hci.c.obj)
                0x00014a40                ll_hciHandleLeStartEncryption
 .text.ll_hciHandleLeLtkNegReply
                0x00014a90       0x3a C:\Users\nicho\SimplicityStudio\v4_workspace\project-d\protocol\bluetooth\lib\EFR32BG1B\GCC\libbluetooth.a(ll_hci.c.obj)
                0x00014a90                ll_hciHandleLeLtkNegReply
 .text.ll_hciHandleLeLtkReply
                0x00014aca       0x44 C:\Users\nicho\SimplicityStudio\v4_workspace\project-d\protocol\bluetooth\lib\EFR32BG1B\GCC\libbluetooth.a(ll_hci.c.obj)
                0x00014aca                ll_hciHandleLeLtkReply
 .text.ll_hciHandleSiliconLabsSetConnectionConfigBits
                0x00014b0e       0x30 C:\Users\nicho\SimplicityStudio\v4_workspace\project-d\protocol\bluetooth\lib\EFR32BG1B\GCC\libbluetooth.a(ll_hci.c.obj)
                0x00014b0e                ll_hciHandleSiliconLabsSetConnectionConfigBits
 .text.ll_hciHandleSiliconLabsClearConnectionConfigBits
                0x00014b3e       0x30 C:\Users\nicho\SimplicityStudio\v4_workspace\project-d\protocol\bluetooth\lib\EFR32BG1B\GCC\libbluetooth.a(ll_hci.c.obj)
                0x00014b3e                ll_hciHandleSiliconLabsClearConnectionConfigBits
 .text.ll_hciHandleSiliconLabsConfigFlags
                0x00014b6e       0x46 C:\Users\nicho\SimplicityStudio\v4_workspace\project-d\protocol\bluetooth\lib\EFR32BG1B\GCC\libbluetooth.a(ll_hci.c.obj)
                0x00014b6e                ll_hciHandleSiliconLabsConfigFlags
 .text.ll_hciHandleSiliconLabsGetCounters
                0x00014bb4       0x56 C:\Users\nicho\SimplicityStudio\v4_workspace\project-d\protocol\bluetooth\lib\EFR32BG1B\GCC\libbluetooth.a(ll_hci.c.obj)
                0x00014bb4                ll_hciHandleSiliconLabsGetCounters
 .text.ll_hciHandleSiliconLabsGetTiming
                0x00014c0a       0x1e C:\Users\nicho\SimplicityStudio\v4_workspace\project-d\protocol\bluetooth\lib\EFR32BG1B\GCC\libbluetooth.a(ll_hci.c.obj)
                0x00014c0a                ll_hciHandleSiliconLabsGetTiming
 .text.ll_hciHandleSiliconLabsConfigure